../Core/Src/main.c:84:6:test	16	static
../Core/Src/main.c:110:5:main	48	static
../Core/Src/main.c:187:6:SystemClock_Config	88	static
../Core/Src/main.c:233:13:MX_NVIC_Init	8	static
../Core/Src/main.c:254:13:MX_SPI1_Init	8	static
../Core/Src/main.c:292:13:MX_TIM2_Init	32	static
../Core/Src/main.c:337:13:MX_USART3_UART_Init	8	static
../Core/Src/main.c:370:13:MX_USB_OTG_FS_PCD_Init	8	static
../Core/Src/main.c:404:13:MX_DMA_Init	16	static
../Core/Src/main.c:417:13:MX_GPIO_Init	64	static
../Core/Src/main.c:529:6:Error_Handler	4	static,ignoring_inline_asm
