../Drivers/CMSIS/Include/core_cm4.h:1688:22:__NVIC_EnableIRQ	16	static
../Drivers/CMSIS/Include/core_cm4.h:1724:22:__NVIC_DisableIRQ	16	static,ignoring_inline_asm
../Core/Src/port.c:55:19:portGetTickCnt	8	static
../Core/Src/port.c:64:5:usleep	24	static,ignoring_inline_asm
../Core/Src/port.c:79:15:Sleep	16	static
../Core/Src/port.c:98:5:peripherals_init	4	static
../Core/Src/port.c:106:6:spi_peripheral_init	8	static
../Core/Src/port.c:121:10:EXTI_GetITEnStatus	16	static
../Core/Src/port.c:143:6:reset_DWIC	32	static
../Core/Src/port.c:168:6:setup_DWICRSTnIRQ	40	static
../Core/Src/port.c:208:6:wakeup_device_with_io	8	static
../Core/Src/port.c:225:6:make_very_short_wakeup_io	16	static,ignoring_inline_asm
../Core/Src/port.c:239:5:port_is_boot1_low	8	static
../Core/Src/port.c:248:5:port_is_boot1_on	16	static
../Core/Src/port.c:259:5:port_is_switch_on	16	static
../Core/Src/port.c:267:6:led_off	16	static
../Core/Src/port.c:302:6:led_on	16	static
../Core/Src/port.c:340:6:change_SPI	16	static
../Core/Src/port.c:363:6:port_set_dw_ic_spi_slowrate	8	static
../Core/Src/port.c:373:6:port_set_dw_ic_spi_fastrate	8	static
../Core/Src/port.c:382:6:port_LCD_RS_set	4	static
../Core/Src/port.c:392:6:port_LCD_RS_clear	4	static
../Core/Src/port.c:402:6:port_LCD_RW_set	4	static
../Core/Src/port.c:412:6:port_LCD_RW_clear	4	static
../Core/Src/port.c:436:6:HAL_GPIO_EXTI_Callback	16	static
../Core/Src/port.c:463:15:process_deca_irq	8	static
../Core/Src/port.c:478:15:port_DisableEXT_IRQ	8	static
../Core/Src/port.c:495:15:port_EnableEXT_IRQ	8	static
../Core/Src/port.c:510:19:port_GetEXT_IRQStatus	16	static
../Core/Src/port.c:528:19:port_CheckEXT_IRQ	16	static
