../Core/Src/user.c:105:5:userInitializeDevice	8	static
../Core/Src/user.c:132:5:userConfigureDevice	16	static
../Core/Src/user.c:160:8:dSampleMean	32	static
../Core/Src/user.c:175:8:dSampleStandardDeviation	48	static
../Core/Src/user.c:195:8:dZScore	40	static
../Core/Src/user.c:211:5:userCalibrateDevice	112	dynamic
../Core/Src/user.c:276:8:userCalculateDistance	40	static
../Core/Src/user.c:302:5:userPoll	32	static
../Core/Src/user.c:352:5:userRespond	80	static
../Core/Src/user.c:413:6:userDisableLogging	8	static
../Core/Src/user.c:421:6:userEnableLogging	16	static
../Core/Src/user.c:429:6:userLog	64	dynamic
../Core/Src/user.c:458:6:userSetLed	32	static
../Core/Src/user.c:468:6:userToggleLed	24	static
../Core/Src/user.c:476:6:userDisableInterrupts	8	static
../Core/Src/user.c:481:6:userButtonInterruptHandler	8	static
../Core/Src/user.c:502:6:userTimerInterruptHandler	4	static
../Core/Src/user.c:517:6:HAL_TIM_PeriodElapsedCallback	16	static
../Core/Src/user.c:524:12:iGetLed	24	static
../Core/Src/user.c:554:12:iValidateFrame	24	static
