Archive member included to satisfy reference by file (symbol)

../Drivers/DWT_UWB_Driver/lib\libdwt_uwb_driver-m4-sfp-6.0.7.a(deca_interface.c.obj)
                              (--whole-archive)
../Drivers/DWT_UWB_Driver/lib\libdwt_uwb_driver-m4-sfp-6.0.7.a(deca_compat.c.obj)
                              (--whole-archive)
../Drivers/DWT_UWB_Driver/lib\libdwt_uwb_driver-m4-sfp-6.0.7.a(dw3000_device.c.obj)
                              (--whole-archive)
../Drivers/DWT_UWB_Driver/lib\libdwt_uwb_driver-m4-sfp-6.0.7.a(dw3700_device.c.obj)
                              (--whole-archive)
../Drivers/DWT_UWB_Driver/lib\libdwt_uwb_driver-m4-sfp-6.0.7.a(dw3720_device.c.obj)
                              (--whole-archive)
d:/programs/st/stm32cubeide_1.12.1/stm32cubeide/plugins/com.st.stm32cube.ide.mcu.externaltools.gnu-tools-for-stm32.10.3-2021.10.win32_1.0.200.202301161003/tools/bin/../lib/gcc/arm-none-eabi/10.3.1/../../../../arm-none-eabi/lib/thumb/v7e-m+fp/softfp\libc.a(lib_a-errno.o)
                              ./Core/Src/sysmem.o (__errno)
d:/programs/st/stm32cubeide_1.12.1/stm32cubeide/plugins/com.st.stm32cube.ide.mcu.externaltools.gnu-tools-for-stm32.10.3-2021.10.win32_1.0.200.202301161003/tools/bin/../lib/gcc/arm-none-eabi/10.3.1/../../../../arm-none-eabi/lib/thumb/v7e-m+fp/softfp\libc.a(lib_a-exit.o)
                              d:/programs/st/stm32cubeide_1.12.1/stm32cubeide/plugins/com.st.stm32cube.ide.mcu.externaltools.gnu-tools-for-stm32.10.3-2021.10.win32_1.0.200.202301161003/tools/bin/../lib/gcc/arm-none-eabi/10.3.1/../../../../arm-none-eabi/lib/thumb/v7e-m+fp/softfp/rdimon-crt0.o (exit)
d:/programs/st/stm32cubeide_1.12.1/stm32cubeide/plugins/com.st.stm32cube.ide.mcu.externaltools.gnu-tools-for-stm32.10.3-2021.10.win32_1.0.200.202301161003/tools/bin/../lib/gcc/arm-none-eabi/10.3.1/../../../../arm-none-eabi/lib/thumb/v7e-m+fp/softfp\libc.a(lib_a-impure.o)
                              d:/programs/st/stm32cubeide_1.12.1/stm32cubeide/plugins/com.st.stm32cube.ide.mcu.externaltools.gnu-tools-for-stm32.10.3-2021.10.win32_1.0.200.202301161003/tools/bin/../lib/gcc/arm-none-eabi/10.3.1/../../../../arm-none-eabi/lib/thumb/v7e-m+fp/softfp\libc.a(lib_a-exit.o) (_global_impure_ptr)
d:/programs/st/stm32cubeide_1.12.1/stm32cubeide/plugins/com.st.stm32cube.ide.mcu.externaltools.gnu-tools-for-stm32.10.3-2021.10.win32_1.0.200.202301161003/tools/bin/../lib/gcc/arm-none-eabi/10.3.1/../../../../arm-none-eabi/lib/thumb/v7e-m+fp/softfp\libc.a(lib_a-init.o)
                              d:/programs/st/stm32cubeide_1.12.1/stm32cubeide/plugins/com.st.stm32cube.ide.mcu.externaltools.gnu-tools-for-stm32.10.3-2021.10.win32_1.0.200.202301161003/tools/bin/../lib/gcc/arm-none-eabi/10.3.1/../../../../arm-none-eabi/lib/thumb/v7e-m+fp/softfp/rdimon-crt0.o (__libc_init_array)
d:/programs/st/stm32cubeide_1.12.1/stm32cubeide/plugins/com.st.stm32cube.ide.mcu.externaltools.gnu-tools-for-stm32.10.3-2021.10.win32_1.0.200.202301161003/tools/bin/../lib/gcc/arm-none-eabi/10.3.1/../../../../arm-none-eabi/lib/thumb/v7e-m+fp/softfp\libc.a(lib_a-malloc.o)
                              ../Drivers/DWT_UWB_Driver/lib\libdwt_uwb_driver-m4-sfp-6.0.7.a(dw3000_device.c.obj) (malloc)
d:/programs/st/stm32cubeide_1.12.1/stm32cubeide/plugins/com.st.stm32cube.ide.mcu.externaltools.gnu-tools-for-stm32.10.3-2021.10.win32_1.0.200.202301161003/tools/bin/../lib/gcc/arm-none-eabi/10.3.1/../../../../arm-none-eabi/lib/thumb/v7e-m+fp/softfp\libc.a(lib_a-mallocr.o)
                              d:/programs/st/stm32cubeide_1.12.1/stm32cubeide/plugins/com.st.stm32cube.ide.mcu.externaltools.gnu-tools-for-stm32.10.3-2021.10.win32_1.0.200.202301161003/tools/bin/../lib/gcc/arm-none-eabi/10.3.1/../../../../arm-none-eabi/lib/thumb/v7e-m+fp/softfp\libc.a(lib_a-malloc.o) (_malloc_r)
d:/programs/st/stm32cubeide_1.12.1/stm32cubeide/plugins/com.st.stm32cube.ide.mcu.externaltools.gnu-tools-for-stm32.10.3-2021.10.win32_1.0.200.202301161003/tools/bin/../lib/gcc/arm-none-eabi/10.3.1/../../../../arm-none-eabi/lib/thumb/v7e-m+fp/softfp\libc.a(lib_a-memcmp.o)
                              ./Core/Src/ds_twr_initiator.o (memcmp)
d:/programs/st/stm32cubeide_1.12.1/stm32cubeide/plugins/com.st.stm32cube.ide.mcu.externaltools.gnu-tools-for-stm32.10.3-2021.10.win32_1.0.200.202301161003/tools/bin/../lib/gcc/arm-none-eabi/10.3.1/../../../../arm-none-eabi/lib/thumb/v7e-m+fp/softfp\libc.a(lib_a-memset.o)
                              d:/programs/st/stm32cubeide_1.12.1/stm32cubeide/plugins/com.st.stm32cube.ide.mcu.externaltools.gnu-tools-for-stm32.10.3-2021.10.win32_1.0.200.202301161003/tools/bin/../lib/gcc/arm-none-eabi/10.3.1/../../../../arm-none-eabi/lib/thumb/v7e-m+fp/softfp/rdimon-crt0.o (memset)
d:/programs/st/stm32cubeide_1.12.1/stm32cubeide/plugins/com.st.stm32cube.ide.mcu.externaltools.gnu-tools-for-stm32.10.3-2021.10.win32_1.0.200.202301161003/tools/bin/../lib/gcc/arm-none-eabi/10.3.1/../../../../arm-none-eabi/lib/thumb/v7e-m+fp/softfp\libc.a(lib_a-mlock.o)
[...]
Memory Configuration

Name             Origin             Length             Attributes
RAM              0x0000000020000000 0x0000000000050000 xrw
FLASH            0x0000000008000000 0x0000000000180000 xr
*default*        0x0000000000000000 0xffffffffffffffff

Linker script and memory map

LOAD d:/programs/st/stm32cubeide_1.12.1/stm32cubeide/plugins/com.st.stm32cube.ide.mcu.externaltools.gnu-tools-for-stm32.10.3-2021.10.win32_1.0.200.202301161003/tools/bin/../lib/gcc/arm-none-eabi/10.3.1/thumb/v7e-m+fp/softfp/crti.o
LOAD d:/programs/st/stm32cubeide_1.12.1/stm32cubeide/plugins/com.st.stm32cube.ide.mcu.externaltools.gnu-tools-for-stm32.10.3-2021.10.win32_1.0.200.202301161003/tools/bin/../lib/gcc/arm-none-eabi/10.3.1/thumb/v7e-m+fp/softfp/crtbegin.o
LOAD d:/programs/st/stm32cubeide_1.12.1/stm32cubeide/plugins/com.st.stm32cube.ide.mcu.externaltools.gnu-tools-for-stm32.10.3-2021.10.win32_1.0.200.202301161003/tools/bin/../lib/gcc/arm-none-eabi/10.3.1/../../../../arm-none-eabi/lib/thumb/v7e-m+fp/softfp/rdimon-crt0.o
LOAD ./Core/Src/config_options.o
LOAD ./Core/Src/deca_mutex.o
LOAD ./Core/Src/deca_probe_interface.o
LOAD ./Core/Src/deca_sleep.o
LOAD ./Core/Src/deca_spi.o
LOAD ./Core/Src/ds_twr_initiator.o
LOAD ./Core/Src/ds_twr_responder.o
LOAD ./Core/Src/main.o
LOAD ./Core/Src/port.o
LOAD ./Core/Src/shared_functions.o
LOAD ./Core/Src/ss_twr_initiator.o
LOAD ./Core/Src/ss_twr_responder.o
LOAD ./Core/Src/stm32f4xx_hal_msp.o
LOAD ./Core/Src/stm32f4xx_it.o
LOAD ./Core/Src/sysmem.o
LOAD ./Core/Src/system_stm32f4xx.o
LOAD ./Core/Src/user.o
LOAD ./Core/Startup/startup_stm32f413zhtx.o
LOAD ./Drivers/STM32F4xx_HAL_Driver/Src/stm32f4xx_hal.o
LOAD ./Drivers/STM32F4xx_HAL_Driver/Src/stm32f4xx_hal_cortex.o
LOAD ./Drivers/STM32F4xx_HAL_Driver/Src/stm32f4xx_hal_dma.o
LOAD ./Drivers/STM32F4xx_HAL_Driver/Src/stm32f4xx_hal_dma_ex.o
LOAD ./Drivers/STM32F4xx_HAL_Driver/Src/stm32f4xx_hal_exti.o
LOAD ./Drivers/STM32F4xx_HAL_Driver/Src/stm32f4xx_hal_flash.o
LOAD ./Drivers/STM32F4xx_HAL_Driver/Src/stm32f4xx_hal_flash_ex.o
LOAD ./Drivers/STM32F4xx_HAL_Driver/Src/stm32f4xx_hal_flash_ramfunc.o
LOAD ./Drivers/STM32F4xx_HAL_Driver/Src/stm32f4xx_hal_gpio.o
LOAD ./Drivers/STM32F4xx_HAL_Driver/Src/stm32f4xx_hal_pcd.o
LOAD ./Drivers/STM32F4xx_HAL_Driver/Src/stm32f4xx_hal_pcd_ex.o
LOAD ./Drivers/STM32F4xx_HAL_Driver/Src/stm32f4xx_hal_pwr.o
LOAD ./Drivers/STM32F4xx_HAL_Driver/Src/stm32f4xx_hal_pwr_ex.o
LOAD ./Drivers/STM32F4xx_HAL_Driver/Src/stm32f4xx_hal_rcc.o
LOAD ./Drivers/STM32F4xx_HAL_Driver/Src/stm32f4xx_hal_rcc_ex.o
LOAD ./Drivers/STM32F4xx_HAL_Driver/Src/stm32f4xx_hal_spi.o
LOAD ./Drivers/STM32F4xx_HAL_Driver/Src/stm32f4xx_hal_tim.o
LOAD ./Drivers/STM32F4xx_HAL_Driver/Src/stm32f4xx_hal_tim_ex.o
LOAD ./Drivers/STM32F4xx_HAL_Driver/Src/stm32f4xx_hal_uart.o
LOAD ./Drivers/STM32F4xx_HAL_Driver/Src/stm32f4xx_ll_usb.o
LOAD ../Drivers/DWT_UWB_Driver/lib\libdwt_uwb_driver-m4-sfp-6.0.7.a
START GROUP
LOAD d:/programs/st/stm32cubeide_1.12.1/stm32cubeide/plugins/com.st.stm32cube.ide.mcu.externaltools.gnu-tools-for-stm32.10.3-2021.10.win32_1.0.200.202301161003/tools/bin/../lib/gcc/arm-none-eabi/10.3.1/../../../../arm-none-eabi/lib/thumb/v7e-m+fp/softfp\libc.a
LOAD d:/programs/st/stm32cubeide_1.12.1/stm32cubeide/plugins/com.st.stm32cube.ide.mcu.externaltools.gnu-tools-for-stm32.10.3-2021.10.win32_1.0.200.202301161003/tools/bin/../lib/gcc/arm-none-eabi/10.3.1/../../../../arm-none-eabi/lib/thumb/v7e-m+fp/softfp\libm.a
END GROUP
START GROUP
LOAD d:/programs/st/stm32cubeide_1.12.1/stm32cubeide/plugins/com.st.stm32cube.ide.mcu.externaltools.gnu-tools-for-stm32.10.3-2021.10.win32_1.0.200.202301161003/tools/bin/../lib/gcc/arm-none-eabi/10.3.1/thumb/v7e-m+fp/softfp\libgcc.a
LOAD d:/programs/st/stm32cubeide_1.12.1/stm32cubeide/plugins/com.st.stm32cube.ide.mcu.externaltools.gnu-tools-for-stm32.10.3-2021.10.win32_1.0.200.202301161003/tools/bin/../lib/gcc/arm-none-eabi/10.3.1/../../../../arm-none-eabi/lib/thumb/v7e-m+fp/softfp\libc.a
END GROUP
START GROUP
LOAD d:/programs/st/stm32cubeide_1.12.1/stm32cubeide/plugins/com.st.stm32cube.ide.mcu.externaltools.gnu-tools-for-stm32.10.3-2021.10.win32_1.0.200.202301161003/tools/bin/../lib/gcc/arm-none-eabi/10.3.1/thumb/v7e-m+fp/softfp\libgcc.a
LOAD d:/programs/st/stm32cubeide_1.12.1/stm32cubeide/plugins/com.st.stm32cube.ide.mcu.externaltools.gnu-tools-for-stm32.10.3-2021.10.win32_1.0.200.202301161003/tools/bin/../lib/gcc/arm-none-eabi/10.3.1/../../../../arm-none-eabi/lib/thumb/v7e-m+fp/softfp\libc.a
LOAD d:/programs/st/stm32cubeide_1.12.1/stm32cubeide/plugins/com.st.stm32cube.ide.mcu.externaltools.gnu-tools-for-stm32.10.3-2021.10.win32_1.0.200.202301161003/tools/bin/../lib/gcc/arm-none-eabi/10.3.1/../../../../arm-none-eabi/lib/thumb/v7e-m+fp/softfp\librdimon.a
END GROUP
LOAD d:/programs/st/stm32cubeide_1.12.1/stm32cubeide/plugins/com.st.stm32cube.ide.mcu.externaltools.gnu-tools-for-stm32.10.3-2021.10.win32_1.0.200.202301161003/tools/bin/../lib/gcc/arm-none-eabi/10.3.1/thumb/v7e-m+fp/softfp/crtend.o
LOAD d:/programs/st/stm32cubeide_1.12.1/stm32cubeide/plugins/com.st.stm32cube.ide.mcu.externaltools.gnu-tools-for-stm32.10.3-2021.10.win32_1.0.200.202301161003/tools/bin/../lib/gcc/arm-none-eabi/10.3.1/thumb/v7e-m+fp/softfp/crtn.o
                0x0000000020050000                _estack = (ORIGIN (RAM) + LENGTH (RAM))
                0x0000000000000200                _Min_Heap_Size = 0x200
                0x0000000000000400                _Min_Stack_Size = 0x400

.isr_vector     0x0000000008000000      0x1d8
                0x0000000008000000                . = ALIGN (0x4)
 *(.isr_vector)
 .isr_vector    0x0000000008000000      0x1d8 ./Core/Startup/startup_stm32f413zhtx.o
                0x0000000008000000                g_pfnVectors
                0x00000000080001d8                . = ALIGN (0x4)

.text           0x00000000080001e0    0x19548
                0x00000000080001e0                . = ALIGN (0x4)
                0x00000000080001e0                __dw_drivers_start = .
 *(.dw_drivers)
 .dw_drivers    0x00000000080001e0       0x1c ../Drivers/DWT_UWB_Driver/lib\libdwt_uwb_driver-m4-sfp-6.0.7.a(dw3000_device.c.obj)
                0x00000000080001e0                dw3000_driver
 .dw_drivers    0x00000000080001fc       0x1c ../Drivers/DWT_UWB_Driver/lib\libdwt_uwb_driver-m4-sfp-6.0.7.a(dw3700_device.c.obj)
                0x00000000080001fc                dw3700_driver
 .dw_drivers    0x0000000008000218       0x1c ../Drivers/DWT_UWB_Driver/lib\libdwt_uwb_driver-m4-sfp-6.0.7.a(dw3720_device.c.obj)
                0x0000000008000218                dw3720_driver
                0x0000000008000234                __dw_drivers_end = .
                0x0000000008000234                . = ALIGN (0x4)
 *(.text)
 .text          0x0000000008000234       0x40 d:/programs/st/stm32cubeide_1.12.1/stm32cubeide/plugins/com.st.stm32cube.ide.mcu.externaltools.gnu-tools-for-stm32.10.3-2021.10.win32_1.0.200.202301161003/tools/bin/../lib/gcc/arm-none-eabi/10.3.1/thumb/v7e-m+fp/softfp/crtbegin.o
 *fill*         0x0000000008000274        0xc 
 .text          0x0000000008000280       0xa0 d:/programs/st/stm32cubeide_1.12.1/stm32cubeide/plugins/com.st.stm32cube.ide.mcu.externaltools.gnu-tools-for-stm32.10.3-2021.10.win32_1.0.200.202301161003/tools/bin/../lib/gcc/arm-none-eabi/10.3.1/../../../../arm-none-eabi/lib/thumb/v7e-m+fp/softfp\libc.a(lib_a-memchr.o)
                0x0000000008000280                memchr
 .text          0x0000000008000320       0x10 d:/programs/st/stm32cubeide_1.12.1/stm32cubeide/plugins/com.st.stm32cube.ide.mcu.externaltools.gnu-tools-for-stm32.10.3-2021.10.win32_1.0.200.202301161003/tools/bin/../lib/gcc/arm-none-eabi/10.3.1/../../../../arm-none-eabi/lib/thumb/v7e-m+fp/softfp\libc.a(lib_a-strlen.o)
                0x0000000008000320                strlen
 .text          0x0000000008000330      0x378 d:/programs/st/stm32cubeide_1.12.1/stm32cubeide/plugins/com.st.stm32cube.ide.mcu.externaltools.gnu-tools-for-stm32.10.3-2021.10.win32_1.0.200.202301161003/tools/bin/../lib/gcc/arm-none-eabi/10.3.1/thumb/v7e-m+fp/softfp\libgcc.a(_arm_addsubdf3.o)
                0x0000000008000330                __aeabi_drsub
                0x0000000008000338                __aeabi_dsub
                0x0000000008000338                __subdf3
                0x000000000800033c                __aeabi_dadd
                0x000000000800033c                __adddf3
                0x00000000080005b4                __floatunsidf
                0x00000000080005b4                __aeabi_ui2d
                0x00000000080005d4                __floatsidf
                0x00000000080005d4                __aeabi_i2d
                0x00000000080005f8                __aeabi_f2d
                0x00000000080005f8                __extendsfdf2
                0x000000000800063c                __floatundidf
                0x000000000800063c                __aeabi_ul2d
                0x000000000800064c                __floatdidf
                0x000000000800064c                __aeabi_l2d
 .text          0x00000000080006a8      0x424 d:/programs/st/stm32cubeide_1.12.1/stm32cubeide/plugins/com.st.stm32cube.ide.mcu.externaltools.gnu-tools-for-stm32.10.3-2021.10.win32_1.0.200.202301161003/tools/bin/../lib/gcc/arm-none-eabi/10.3.1/thumb/v7e-m+fp/softfp\libgcc.a(_arm_muldivdf3.o)
                0x00000000080006a8                __aeabi_dmul
                0x00000000080006a8                __muldf3
                0x00000000080008fc                __divdf3
                0x00000000080008fc                __aeabi_ddiv
 .text          0x0000000008000acc      0x110 d:/programs/st/stm32cubeide_1.12.1/stm32cubeide/plugins/com.st.stm32cube.ide.mcu.externaltools.gnu-tools-for-stm32.10.3-2021.10.win32_1.0.200.202301161003/tools/bin/../lib/gcc/arm-none-eabi/10.3.1/thumb/v7e-m+fp/softfp\libgcc.a(_arm_cmpdf2.o)
                0x0000000008000acc                __gtdf2
                0x0000000008000acc                __gedf2
                0x0000000008000ad4                __ltdf2
                0x0000000008000ad4                __ledf2
                0x0000000008000adc                __nedf2
                0x0000000008000adc                __eqdf2
                0x0000000008000adc                __cmpdf2
                0x0000000008000b58                __aeabi_cdrcmple
                0x0000000008000b68                __aeabi_cdcmpeq
                0x0000000008000b68                __aeabi_cdcmple
                0x0000000008000b78                __aeabi_dcmpeq
                0x0000000008000b8c                __aeabi_dcmplt
                0x0000000008000ba0                __aeabi_dcmple
                0x0000000008000bb4                __aeabi_dcmpge
                0x0000000008000bc8                __aeabi_dcmpgt
 .text          0x0000000008000bdc       0x2c d:/programs/st/stm32cubeide_1.12.1/stm32cubeide/plugins/com.st.stm32cube.ide.mcu.externaltools.gnu-tools-for-stm32.10.3-2021.10.win32_1.0.200.202301161003/tools/bin/../lib/gcc/arm-none-eabi/10.3.1/thumb/v7e-m+fp/softfp\libgcc.a(_arm_unorddf2.o)
                0x0000000008000bdc                __unorddf2
                0x0000000008000bdc                __aeabi_dcmpun
 .text          0x0000000008000c08       0x50 d:/programs/st/stm32cubeide_1.12.1/stm32cubeide/plugins/com.st.stm32cube.ide.mcu.externaltools.gnu-tools-for-stm32.10.3-2021.10.win32_1.0.200.202301161003/tools/bin/../lib/gcc/arm-none-eabi/10.3.1/thumb/v7e-m+fp/softfp\libgcc.a(_arm_fixdfsi.o)
                0x0000000008000c08                __aeabi_d2iz
                0x0000000008000c08                __fixdfsi
 .text          0x0000000008000c58       0x40 d:/programs/st/stm32cubeide_1.12.1/stm32cubeide/plugins/com.st.stm32cube.ide.mcu.externaltools.gnu-tools-for-stm32.10.3-2021.10.win32_1.0.200.202301161003/tools/bin/../lib/gcc/arm-none-eabi/10.3.1/thumb/v7e-m+fp/softfp\libgcc.a(_arm_fixunsdfsi.o)
                0x0000000008000c58                __aeabi_d2uiz
                0x0000000008000c58                __fixunsdfsi
 .text          0x0000000008000c98      0x21c d:/programs/st/stm32cubeide_1.12.1/stm32cubeide/plugins/com.st.stm32cube.ide.mcu.externaltools.gnu-tools-for-stm32.10.3-2021.10.win32_1.0.200.202301161003/tools/bin/../lib/gcc/arm-none-eabi/10.3.1/thumb/v7e-m+fp/softfp\libgcc.a(_arm_addsubsf3.o)
                0x0000000008000c98                __aeabi_frsub
                0x0000000008000ca0                __subsf3
                0x0000000008000ca0                __aeabi_fsub
                0x0000000008000ca4                __aeabi_fadd
                0x0000000008000ca4                __addsf3
                0x0000000008000e04                __aeabi_ui2f
                0x0000000008000e04                __floatunsisf
                0x0000000008000e0c                __aeabi_i2f
                0x0000000008000e0c                __floatsisf
                0x0000000008000e28                __aeabi_ul2f
                0x0000000008000e28                __floatundisf
                0x0000000008000e38                __aeabi_l2f
                0x0000000008000e38                __floatdisf
 .text          0x0000000008000eb4      0x2a0 d:/programs/st/stm32cubeide_1.12.1/stm32cubeide/plugins/com.st.stm32cube.ide.mcu.externaltools.gnu-tools-for-stm32.10.3-2021.10.win32_1.0.200.202301161003/tools/bin/../lib/gcc/arm-none-eabi/10.3.1/thumb/v7e-m+fp/softfp\libgcc.a(_arm_muldivsf3.o)
                0x0000000008000eb4                __mulsf3
                0x0000000008000eb4                __aeabi_fmul
                0x000000000800101c                __aeabi_fdiv
                0x000000000800101c                __divsf3
 .text          0x0000000008001154       0x30 d:/programs/st/stm32cubeide_1.12.1/stm32cubeide/plugins/com.st.stm32cube.ide.mcu.externaltools.gnu-tools-for-stm32.10.3-2021.10.win32_1.0.200.202301161003/tools/bin/../lib/gcc/arm-none-eabi/10.3.1/thumb/v7e-m+fp/softfp\libgcc.a(_aeabi_uldivmod.o)
                0x0000000008001154                __aeabi_uldivmod
 .text          0x0000000008001184      0x2d0 d:/programs/st/stm32cubeide_1.12.1/stm32cubeide/plugins/com.st.stm32cube.ide.mcu.externaltools.gnu-tools-for-stm32.10.3-2021.10.win32_1.0.200.202301161003/tools/bin/../lib/gcc/arm-none-eabi/10.3.1/thumb/v7e-m+fp/softfp\libgcc.a(_udivmoddi4.o)
                0x0000000008001184                __udivmoddi4
 .text          0x0000000008001454        0x4 d:/programs/st/stm32cubeide_1.12.1/stm32cubeide/plugins/com.st.stm32cube.ide.mcu.externaltools.gnu-tools-for-stm32.10.3-2021.10.win32_1.0.200.202301161003/tools/bin/../lib/gcc/arm-none-eabi/10.3.1/thumb/v7e-m+fp/softfp\libgcc.a(_dvmd_tls.o)
                0x0000000008001454                __aeabi_idiv0
                0x0000000008001454                __aeabi_ldiv0
 *(.text*)
 .text.decamutexon
                0x0000000008001458       0x22 ./Core/Src/deca_mutex.o
                0x0000000008001458                decamutexon
 .text.decamutexoff
                0x000000000800147a       0x1a ./Core/Src/deca_mutex.o
                0x000000000800147a                decamutexoff
 .text.deca_sleep
                0x0000000008001494       0x16 ./Core/Src/deca_sleep.o
                0x0000000008001494                deca_sleep
 .text.deca_usleep
                0x00000000080014aa       0x16 ./Core/Src/deca_sleep.o
                0x00000000080014aa                deca_usleep
 .text.writetospiwithcrc
                0x00000000080014c0       0xa0 ./Core/Src/deca_spi.o
                0x00000000080014c0                writetospiwithcrc
 .text.writetospi
                0x0000000008001560       0x9c ./Core/Src/deca_spi.o
                0x0000000008001560                writetospi
 .text.readfromspi
                0x00000000080015fc       0xe4 ./Core/Src/deca_spi.o
                0x00000000080015fc                readfromspi
 .text.test     0x00000000080016e0       0x48 ./Core/Src/main.o
                0x00000000080016e0                test
 .text.main     0x0000000008001728       0x8c ./Core/Src/main.o
                0x0000000008001728                main
 .text.SystemClock_Config
                0x00000000080017b4       0xd4 ./Core/Src/main.o
                0x00000000080017b4                SystemClock_Config
 .text.MX_NVIC_Init
                0x0000000008001888       0x48 ./Core/Src/main.o
 .text.MX_SPI1_Init
                0x00000000080018d0       0x6c ./Core/Src/main.o
 .text.MX_TIM2_Init
                0x000000000800193c       0x98 ./Core/Src/main.o
 .text.MX_USART3_UART_Init
                0x00000000080019d4       0x58 ./Core/Src/main.o
 .text.MX_USB_OTG_FS_PCD_Init
                0x0000000008001a2c       0x60 ./Core/Src/main.o
 .text.MX_DMA_Init
                0x0000000008001a8c       0x34 ./Core/Src/main.o
 .text.MX_GPIO_Init
                0x0000000008001ac0      0x280 ./Core/Src/main.o
 .text.Error_Handler
                0x0000000008001d40        0xa ./Core/Src/main.o
                0x0000000008001d40                Error_Handler
 *fill*         0x0000000008001d4a        0x2 
 .text.__NVIC_EnableIRQ
                0x0000000008001d4c       0x3c ./Core/Src/port.o
 .text.__NVIC_DisableIRQ
                0x0000000008001d88       0x48 ./Core/Src/port.o
 .text.usleep   0x0000000008001dd0       0x38 ./Core/Src/port.o
                0x0000000008001dd0                usleep
 .text.Sleep    0x0000000008001e08       0x16 ./Core/Src/port.o
                0x0000000008001e08                Sleep
 *fill*         0x0000000008001e1e        0x2 
 .text.EXTI_GetITEnStatus
                0x0000000008001e20       0x40 ./Core/Src/port.o
                0x0000000008001e20                EXTI_GetITEnStatus
 .text.reset_DWIC
                0x0000000008001e60       0x48 ./Core/Src/port.o
                0x0000000008001e60                reset_DWIC
 .text.setup_DWICRSTnIRQ
                0x0000000008001ea8       0x78 ./Core/Src/port.o
                0x0000000008001ea8                setup_DWICRSTnIRQ
 .text.wakeup_device_with_io
                0x0000000008001f20       0x2c ./Core/Src/port.o
                0x0000000008001f20                wakeup_device_with_io
 .text.port_set_dw_ic_spi_slowrate
                0x0000000008001f4c       0x20 ./Core/Src/port.o
                0x0000000008001f4c                port_set_dw_ic_spi_slowrate
 .text.port_set_dw_ic_spi_fastrate
                0x0000000008001f6c       0x20 ./Core/Src/port.o
                0x0000000008001f6c                port_set_dw_ic_spi_fastrate
 .text.HAL_GPIO_EXTI_Callback
                0x0000000008001f8c       0x36 ./Core/Src/port.o
                0x0000000008001f8c                HAL_GPIO_EXTI_Callback
 *fill*         0x0000000008001fc2        0x2 
 .text.port_DisableEXT_IRQ
                0x0000000008001fc4       0x24 ./Core/Src/port.o
                0x0000000008001fc4                port_DisableEXT_IRQ
 .text.port_EnableEXT_IRQ
                0x0000000008001fe8       0x24 ./Core/Src/port.o
                0x0000000008001fe8                port_EnableEXT_IRQ
 .text.port_GetEXT_IRQStatus
                0x000000000800200c       0x34 ./Core/Src/port.o
                0x000000000800200c                port_GetEXT_IRQStatus
 .text.resp_msg_get_ts
                0x0000000008002040       0x4c ./Core/Src/shared_functions.o
                0x0000000008002040                resp_msg_get_ts
 .text.waitforsysstatus
                0x000000000800208c       0x82 ./Core/Src/shared_functions.o
                0x000000000800208c                waitforsysstatus
 *fill*         0x000000000800210e        0x2 
 .text.HAL_MspInit
                0x0000000008002110       0x50 ./Core/Src/stm32f4xx_hal_msp.o
                0x0000000008002110                HAL_MspInit
 .text.HAL_SPI_MspInit
                0x0000000008002160       0x90 ./Core/Src/stm32f4xx_hal_msp.o
                0x0000000008002160                HAL_SPI_MspInit
 .text.HAL_TIM_Base_MspInit
                0x00000000080021f0       0x40 ./Core/Src/stm32f4xx_hal_msp.o
                0x00000000080021f0                HAL_TIM_Base_MspInit
 .text.HAL_UART_MspInit
                0x0000000008002230      0x15c ./Core/Src/stm32f4xx_hal_msp.o
                0x0000000008002230                HAL_UART_MspInit
 .text.HAL_UART_MspDeInit
                0x000000000800238c       0x50 ./Core/Src/stm32f4xx_hal_msp.o
                0x000000000800238c                HAL_UART_MspDeInit
 .text.HAL_PCD_MspInit
                0x00000000080023dc       0xdc ./Core/Src/stm32f4xx_hal_msp.o
                0x00000000080023dc                HAL_PCD_MspInit
 .text.NMI_Handler
                0x00000000080024b8        0x6 ./Core/Src/stm32f4xx_it.o
                0x00000000080024b8                NMI_Handler
 .text.HardFault_Handler
                0x00000000080024be        0x6 ./Core/Src/stm32f4xx_it.o
                0x00000000080024be                HardFault_Handler
 .text.MemManage_Handler
                0x00000000080024c4        0x6 ./Core/Src/stm32f4xx_it.o
                0x00000000080024c4                MemManage_Handler
 .text.BusFault_Handler
                0x00000000080024ca        0x6 ./Core/Src/stm32f4xx_it.o
                0x00000000080024ca                BusFault_Handler
 .text.UsageFault_Handler
                0x00000000080024d0        0x6 ./Core/Src/stm32f4xx_it.o
                0x00000000080024d0                UsageFault_Handler
 .text.SVC_Handler
                0x00000000080024d6        0xe ./Core/Src/stm32f4xx_it.o
                0x00000000080024d6                SVC_Handler
 .text.DebugMon_Handler
                0x00000000080024e4        0xe ./Core/Src/stm32f4xx_it.o
                0x00000000080024e4                DebugMon_Handler
 .text.PendSV_Handler
                0x00000000080024f2        0xe ./Core/Src/stm32f4xx_it.o
                0x00000000080024f2                PendSV_Handler
 .text.SysTick_Handler
                0x0000000008002500        0xc ./Core/Src/stm32f4xx_it.o
                0x0000000008002500                SysTick_Handler
 .text.DMA1_Stream1_IRQHandler
                0x000000000800250c       0x14 ./Core/Src/stm32f4xx_it.o
                0x000000000800250c                DMA1_Stream1_IRQHandler
 .text.DMA1_Stream3_IRQHandler
                0x0000000008002520       0x14 ./Core/Src/stm32f4xx_it.o
                0x0000000008002520                DMA1_Stream3_IRQHandler
 .text.TIM2_IRQHandler
                0x0000000008002534       0x14 ./Core/Src/stm32f4xx_it.o
                0x0000000008002534                TIM2_IRQHandler
 .text.EXTI15_10_IRQHandler
                0x0000000008002548       0x18 ./Core/Src/stm32f4xx_it.o
                0x0000000008002548                EXTI15_10_IRQHandler
 .text._sbrk    0x0000000008002560       0x6c ./Core/Src/sysmem.o
                0x0000000008002560                _sbrk
 .text.SystemInit
                0x00000000080025cc       0x24 ./Core/Src/system_stm32f4xx.o
                0x00000000080025cc                SystemInit
 .text.userConfigureDevice
                0x00000000080025f0       0x54 ./Core/Src/user.o
                0x00000000080025f0                userConfigureDevice
 .text.dSampleMean
                0x0000000008002644       0x66 ./Core/Src/user.o
                0x0000000008002644                dSampleMean
 .text.dSampleStandardDeviation
                0x00000000080026aa       0x98 ./Core/Src/user.o
                0x00000000080026aa                dSampleStandardDeviation
 .text.dZScore  0x0000000008002742       0x64 ./Core/Src/user.o
                0x0000000008002742                dZScore
 *fill*         0x00000000080027a6        0x2 
 .text.userCalibrateDevice
                0x00000000080027a8      0x254 ./Core/Src/user.o
                0x00000000080027a8                userCalibrateDevice
 *fill*         0x00000000080029fc        0x4 
 .text.userCalculateDistance
                0x0000000008002a00       0xf0 ./Core/Src/user.o
                0x0000000008002a00                userCalculateDistance
 .text.userPoll
                0x0000000008002af0       0xd8 ./Core/Src/user.o
                0x0000000008002af0                userPoll
 .text.userDisableLogging
                0x0000000008002bc8       0x20 ./Core/Src/user.o
                0x0000000008002bc8                userDisableLogging
 .text.userEnableLogging
                0x0000000008002be8       0x58 ./Core/Src/user.o
                0x0000000008002be8                userEnableLogging
 .text.userLog  0x0000000008002c40       0xe8 ./Core/Src/user.o
                0x0000000008002c40                userLog
 .text.userSetLed
                0x0000000008002d28       0x4e ./Core/Src/user.o
                0x0000000008002d28                userSetLed
 .text.userDisableInterrupts
                0x0000000008002d76        0xe ./Core/Src/user.o
                0x0000000008002d76                userDisableInterrupts
 .text.userButtonInterruptHandler
                0x0000000008002d84       0x64 ./Core/Src/user.o
                0x0000000008002d84                userButtonInterruptHandler
 .text.userTimerInterruptHandler
                0x0000000008002de8       0x1c ./Core/Src/user.o
                0x0000000008002de8                userTimerInterruptHandler
 .text.HAL_TIM_PeriodElapsedCallback
                0x0000000008002e04       0x24 ./Core/Src/user.o
                0x0000000008002e04                HAL_TIM_PeriodElapsedCallback
 .text.iGetLed  0x0000000008002e28       0x84 ./Core/Src/user.o
 .text.iValidateFrame
                0x0000000008002eac       0x40 ./Core/Src/user.o
 .text.Reset_Handler
                0x0000000008002eec       0x50 ./Core/Startup/startup_stm32f413zhtx.o
                0x0000000008002eec                Reset_Handler
 .text.Default_Handler
                0x0000000008002f3c        0x2 ./Core/Startup/startup_stm32f413zhtx.o
                0x0000000008002f3c                RTC_Alarm_IRQHandler
                0x0000000008002f3c                EXTI2_IRQHandler
                0x0000000008002f3c                TIM8_CC_IRQHandler
                0x0000000008002f3c                UART8_IRQHandler
                0x0000000008002f3c                FMPI2C1_EV_IRQHandler
                0x0000000008002f3c                SPI4_IRQHandler
                0x0000000008002f3c                TIM1_CC_IRQHandler
                0x0000000008002f3c                DMA2_Stream5_IRQHandler
                0x0000000008002f3c                DMA1_Stream5_IRQHandler
                0x0000000008002f3c                CAN3_RX1_IRQHandler
                0x0000000008002f3c                PVD_IRQHandler
                0x0000000008002f3c                SDIO_IRQHandler
                0x0000000008002f3c                TAMP_STAMP_IRQHandler
                0x0000000008002f3c                CAN2_RX1_IRQHandler
                0x0000000008002f3c                EXTI3_IRQHandler
                0x0000000008002f3c                TIM8_TRG_COM_TIM14_IRQHandler
                0x0000000008002f3c                DFSDM1_FLT1_IRQHandler
                0x0000000008002f3c                TIM1_UP_TIM10_IRQHandler
                0x0000000008002f3c                TIM8_UP_TIM13_IRQHandler
                0x0000000008002f3c                I2C3_ER_IRQHandler
                0x0000000008002f3c                EXTI0_IRQHandler
                0x0000000008002f3c                I2C2_EV_IRQHandler
                0x0000000008002f3c                DMA1_Stream2_IRQHandler
                0x0000000008002f3c                CAN1_RX0_IRQHandler
                0x0000000008002f3c                FPU_IRQHandler
                0x0000000008002f3c                CAN3_SCE_IRQHandler
                0x0000000008002f3c                CAN2_SCE_IRQHandler
                0x0000000008002f3c                DMA2_Stream2_IRQHandler
                0x0000000008002f3c                SPI1_IRQHandler
                0x0000000008002f3c                TIM6_DAC_IRQHandler
                0x0000000008002f3c                TIM1_BRK_TIM9_IRQHandler
                0x0000000008002f3c                CAN2_RX0_IRQHandler
                0x0000000008002f3c                DMA2_Stream3_IRQHandler
                0x0000000008002f3c                USART6_IRQHandler
                0x0000000008002f3c                CAN3_RX0_IRQHandler
                0x0000000008002f3c                USART3_IRQHandler
                0x0000000008002f3c                DFSDM2_FLT3_IRQHandler
                0x0000000008002f3c                CAN1_RX1_IRQHandler
                0x0000000008002f3c                UART5_IRQHandler
                0x0000000008002f3c                DMA2_Stream0_IRQHandler
                0x0000000008002f3c                TIM4_IRQHandler
                0x0000000008002f3c                QUADSPI_IRQHandler
                0x0000000008002f3c                I2C1_EV_IRQHandler
                0x0000000008002f3c                DMA1_Stream6_IRQHandler
                0x0000000008002f3c                UART4_IRQHandler
                0x0000000008002f3c                TIM3_IRQHandler
                0x0000000008002f3c                RCC_IRQHandler
                0x0000000008002f3c                UART9_IRQHandler
                0x0000000008002f3c                TIM8_BRK_TIM12_IRQHandler
                0x0000000008002f3c                Default_Handler
                0x0000000008002f3c                ADC_IRQHandler
                0x0000000008002f3c                DMA1_Stream7_IRQHandler
                0x0000000008002f3c                DFSDM2_FLT0_IRQHandler
                0x0000000008002f3c                SPI5_IRQHandler
                0x0000000008002f3c                TIM7_IRQHandler
                0x0000000008002f3c                CAN2_TX_IRQHandler
                0x0000000008002f3c                TIM5_IRQHandler
                0x0000000008002f3c                DMA2_Stream7_IRQHandler
                0x0000000008002f3c                I2C3_EV_IRQHandler
                0x0000000008002f3c                DFSDM2_FLT2_IRQHandler
                0x0000000008002f3c                EXTI9_5_IRQHandler
                0x0000000008002f3c                RTC_WKUP_IRQHandler
                0x0000000008002f3c                SPI2_IRQHandler
                0x0000000008002f3c                DMA1_Stream0_IRQHandler
                0x0000000008002f3c                CAN1_TX_IRQHandler
                0x0000000008002f3c                FMPI2C1_ER_IRQHandler
                0x0000000008002f3c                EXTI4_IRQHandler
                0x0000000008002f3c                DFSDM2_FLT1_IRQHandler
                0x0000000008002f3c                RNG_IRQHandler
                0x0000000008002f3c                FSMC_IRQHandler
                0x0000000008002f3c                WWDG_IRQHandler
                0x0000000008002f3c                CAN3_TX_IRQHandler
                0x0000000008002f3c                OTG_FS_WKUP_IRQHandler
                0x0000000008002f3c                TIM1_TRG_COM_TIM11_IRQHandler
                0x0000000008002f3c                EXTI1_IRQHandler
                0x0000000008002f3c                UART7_IRQHandler
                0x0000000008002f3c                USART2_IRQHandler
                0x0000000008002f3c                DFSDM1_FLT0_IRQHandler
                0x0000000008002f3c                I2C2_ER_IRQHandler
                0x0000000008002f3c                DMA2_Stream1_IRQHandler
                0x0000000008002f3c                CAN1_SCE_IRQHandler
                0x0000000008002f3c                FLASH_IRQHandler
                0x0000000008002f3c                DMA2_Stream4_IRQHandler
                0x0000000008002f3c                USART1_IRQHandler
                0x0000000008002f3c                OTG_FS_IRQHandler
                0x0000000008002f3c                SPI3_IRQHandler
                0x0000000008002f3c                DMA1_Stream4_IRQHandler
                0x0000000008002f3c                I2C1_ER_IRQHandler
                0x0000000008002f3c                LPTIM1_IRQHandler
                0x0000000008002f3c                DMA2_Stream6_IRQHandler
                0x0000000008002f3c                UART10_IRQHandler
                0x0000000008002f3c                SAI1_IRQHandler
 *fill*         0x0000000008002f3e        0x2 
 .text.HAL_Init
                0x0000000008002f40       0x44 ./Drivers/STM32F4xx_HAL_Driver/Src/stm32f4xx_hal.o
                0x0000000008002f40                HAL_Init
 .text.HAL_InitTick
                0x0000000008002f84       0x60 ./Drivers/STM32F4xx_HAL_Driver/Src/stm32f4xx_hal.o
                0x0000000008002f84                HAL_InitTick
 .text.HAL_IncTick
                0x0000000008002fe4       0x28 ./Drivers/STM32F4xx_HAL_Driver/Src/stm32f4xx_hal.o
                0x0000000008002fe4                HAL_IncTick
 .text.HAL_GetTick
                0x000000000800300c       0x18 ./Drivers/STM32F4xx_HAL_Driver/Src/stm32f4xx_hal.o
                0x000000000800300c                HAL_GetTick
 .text.HAL_Delay
                0x0000000008003024       0x48 ./Drivers/STM32F4xx_HAL_Driver/Src/stm32f4xx_hal.o
                0x0000000008003024                HAL_Delay
 .text.__NVIC_SetPriorityGrouping
                0x000000000800306c       0x48 ./Drivers/STM32F4xx_HAL_Driver/Src/stm32f4xx_hal_cortex.o
 .text.__NVIC_GetPriorityGrouping
                0x00000000080030b4       0x1c ./Drivers/STM32F4xx_HAL_Driver/Src/stm32f4xx_hal_cortex.o
 .text.__NVIC_EnableIRQ
                0x00000000080030d0       0x3c ./Drivers/STM32F4xx_HAL_Driver/Src/stm32f4xx_hal_cortex.o
 .text.__NVIC_DisableIRQ
                0x000000000800310c       0x48 ./Drivers/STM32F4xx_HAL_Driver/Src/stm32f4xx_hal_cortex.o
 .text.__NVIC_SetPriority
                0x0000000008003154       0x54 ./Drivers/STM32F4xx_HAL_Driver/Src/stm32f4xx_hal_cortex.o
 .text.NVIC_EncodePriority
                0x00000000080031a8       0x66 ./Drivers/STM32F4xx_HAL_Driver/Src/stm32f4xx_hal_cortex.o
 *fill*         0x000000000800320e        0x2 
 .text.SysTick_Config
                0x0000000008003210       0x44 ./Drivers/STM32F4xx_HAL_Driver/Src/stm32f4xx_hal_cortex.o
 .text.HAL_NVIC_SetPriorityGrouping
                0x0000000008003254       0x16 ./Drivers/STM32F4xx_HAL_Driver/Src/stm32f4xx_hal_cortex.o
                0x0000000008003254                HAL_NVIC_SetPriorityGrouping
 .text.HAL_NVIC_SetPriority
                0x000000000800326a       0x38 ./Drivers/STM32F4xx_HAL_Driver/Src/stm32f4xx_hal_cortex.o
                0x000000000800326a                HAL_NVIC_SetPriority
 .text.HAL_NVIC_EnableIRQ
                0x00000000080032a2       0x1c ./Drivers/STM32F4xx_HAL_Driver/Src/stm32f4xx_hal_cortex.o
                0x00000000080032a2                HAL_NVIC_EnableIRQ
 .text.HAL_NVIC_DisableIRQ
                0x00000000080032be       0x1c ./Drivers/STM32F4xx_HAL_Driver/Src/stm32f4xx_hal_cortex.o
                0x00000000080032be                HAL_NVIC_DisableIRQ
 .text.HAL_SYSTICK_Config
                0x00000000080032da       0x18 ./Drivers/STM32F4xx_HAL_Driver/Src/stm32f4xx_hal_cortex.o
                0x00000000080032da                HAL_SYSTICK_Config
 *fill*         0x00000000080032f2        0x2 
 .text.HAL_DMA_Init
                0x00000000080032f4      0x15c ./Drivers/STM32F4xx_HAL_Driver/Src/stm32f4xx_hal_dma.o
                0x00000000080032f4                HAL_DMA_Init
 .text.HAL_DMA_DeInit
                0x0000000008003450       0xbc ./Drivers/STM32F4xx_HAL_Driver/Src/stm32f4xx_hal_dma.o
                0x0000000008003450                HAL_DMA_DeInit
 .text.HAL_DMA_IRQHandler
                0x000000000800350c      0x314 ./Drivers/STM32F4xx_HAL_Driver/Src/stm32f4xx_hal_dma.o
                0x000000000800350c                HAL_DMA_IRQHandler
 .text.DMA_CalcBaseAndBitshift
                0x0000000008003820       0x6c ./Drivers/STM32F4xx_HAL_Driver/Src/stm32f4xx_hal_dma.o
 .text.DMA_CheckFifoParam
                0x000000000800388c       0xf8 ./Drivers/STM32F4xx_HAL_Driver/Src/stm32f4xx_hal_dma.o
 .text.HAL_GPIO_Init
                0x0000000008003984      0x328 ./Drivers/STM32F4xx_HAL_Driver/Src/stm32f4xx_hal_gpio.o
                0x0000000008003984                HAL_GPIO_Init
 .text.HAL_GPIO_DeInit
                0x0000000008003cac      0x1e8 ./Drivers/STM32F4xx_HAL_Driver/Src/stm32f4xx_hal_gpio.o
                0x0000000008003cac                HAL_GPIO_DeInit
 .text.HAL_GPIO_WritePin
                0x0000000008003e94       0x32 ./Drivers/STM32F4xx_HAL_Driver/Src/stm32f4xx_hal_gpio.o
                0x0000000008003e94                HAL_GPIO_WritePin
 *fill*         0x0000000008003ec6        0x2 
 .text.HAL_GPIO_EXTI_IRQHandler
                0x0000000008003ec8       0x30 ./Drivers/STM32F4xx_HAL_Driver/Src/stm32f4xx_hal_gpio.o
                0x0000000008003ec8                HAL_GPIO_EXTI_IRQHandler
 .text.HAL_PCD_Init
                0x0000000008003ef8      0x248 ./Drivers/STM32F4xx_HAL_Driver/Src/stm32f4xx_hal_pcd.o
                0x0000000008003ef8                HAL_PCD_Init
 .text.HAL_PCDEx_ActivateLPM
                0x0000000008004140       0x48 ./Drivers/STM32F4xx_HAL_Driver/Src/stm32f4xx_hal_pcd_ex.o
                0x0000000008004140                HAL_PCDEx_ActivateLPM
 .text.HAL_RCC_ClockConfig
                0x0000000008004188      0x1cc ./Drivers/STM32F4xx_HAL_Driver/Src/stm32f4xx_hal_rcc.o
                0x0000000008004188                HAL_RCC_ClockConfig
 .text.HAL_RCC_GetSysClockFreq
                0x0000000008004354      0x20c ./Drivers/STM32F4xx_HAL_Driver/Src/stm32f4xx_hal_rcc.o
                0x0000000008004354                HAL_RCC_GetSysClockFreq
 .text.HAL_RCC_GetHCLKFreq
                0x0000000008004560       0x18 ./Drivers/STM32F4xx_HAL_Driver/Src/stm32f4xx_hal_rcc.o
                0x0000000008004560                HAL_RCC_GetHCLKFreq
 .text.HAL_RCC_GetPCLK1Freq
                0x0000000008004578       0x28 ./Drivers/STM32F4xx_HAL_Driver/Src/stm32f4xx_hal_rcc.o
                0x0000000008004578                HAL_RCC_GetPCLK1Freq
 .text.HAL_RCC_GetPCLK2Freq
                0x00000000080045a0       0x28 ./Drivers/STM32F4xx_HAL_Driver/Src/stm32f4xx_hal_rcc.o
                0x00000000080045a0                HAL_RCC_GetPCLK2Freq
 .text.HAL_RCCEx_PeriphCLKConfig
                0x00000000080045c8      0x518 ./Drivers/STM32F4xx_HAL_Driver/Src/stm32f4xx_hal_rcc_ex.o
                0x00000000080045c8                HAL_RCCEx_PeriphCLKConfig
 .text.HAL_RCC_OscConfig
                0x0000000008004ae0      0x508 ./Drivers/STM32F4xx_HAL_Driver/Src/stm32f4xx_hal_rcc_ex.o
                0x0000000008004ae0                HAL_RCC_OscConfig
 .text.HAL_SPI_Init
                0x0000000008004fe8      0x112 ./Drivers/STM32F4xx_HAL_Driver/Src/stm32f4xx_hal_spi.o
                0x0000000008004fe8                HAL_SPI_Init
 .text.HAL_SPI_Transmit
                0x00000000080050fa      0x278 ./Drivers/STM32F4xx_HAL_Driver/Src/stm32f4xx_hal_spi.o
                0x00000000080050fa                HAL_SPI_Transmit
 .text.HAL_SPI_GetState
                0x0000000008005372       0x1c ./Drivers/STM32F4xx_HAL_Driver/Src/stm32f4xx_hal_spi.o
                0x0000000008005372                HAL_SPI_GetState
 *fill*         0x000000000800538e        0x2 
 .text.SPI_WaitFlagStateUntilTimeout
                0x0000000008005390      0x110 ./Drivers/STM32F4xx_HAL_Driver/Src/stm32f4xx_hal_spi.o
 .text.SPI_EndRxTxTransaction
                0x00000000080054a0       0x84 ./Drivers/STM32F4xx_HAL_Driver/Src/stm32f4xx_hal_spi.o
 .text.HAL_TIM_Base_Init
                0x0000000008005524       0x9e ./Drivers/STM32F4xx_HAL_Driver/Src/stm32f4xx_hal_tim.o
                0x0000000008005524                HAL_TIM_Base_Init
 *fill*         0x00000000080055c2        0x2 
 .text.HAL_TIM_Base_Start_IT
                0x00000000080055c4       0xe0 ./Drivers/STM32F4xx_HAL_Driver/Src/stm32f4xx_hal_tim.o
                0x00000000080055c4                HAL_TIM_Base_Start_IT
 .text.HAL_TIM_IRQHandler
                0x00000000080056a4      0x210 ./Drivers/STM32F4xx_HAL_Driver/Src/stm32f4xx_hal_tim.o
                0x00000000080056a4                HAL_TIM_IRQHandler
 .text.HAL_TIM_ConfigClockSource
                0x00000000080058b4      0x18e ./Drivers/STM32F4xx_HAL_Driver/Src/stm32f4xx_hal_tim.o
                0x00000000080058b4                HAL_TIM_ConfigClockSource
 .text.HAL_TIM_OC_DelayElapsedCallback
                0x0000000008005a42       0x14 ./Drivers/STM32F4xx_HAL_Driver/Src/stm32f4xx_hal_tim.o
                0x0000000008005a42                HAL_TIM_OC_DelayElapsedCallback
 .text.HAL_TIM_IC_CaptureCallback
                0x0000000008005a56       0x14 ./Drivers/STM32F4xx_HAL_Driver/Src/stm32f4xx_hal_tim.o
                0x0000000008005a56                HAL_TIM_IC_CaptureCallback
 .text.HAL_TIM_PWM_PulseFinishedCallback
                0x0000000008005a6a       0x14 ./Drivers/STM32F4xx_HAL_Driver/Src/stm32f4xx_hal_tim.o
                0x0000000008005a6a                HAL_TIM_PWM_PulseFinishedCallback
 .text.HAL_TIM_TriggerCallback
                0x0000000008005a7e       0x14 ./Drivers/STM32F4xx_HAL_Driver/Src/stm32f4xx_hal_tim.o
                0x0000000008005a7e                HAL_TIM_TriggerCallback
 *fill*         0x0000000008005a92        0x2 
 .text.TIM_Base_SetConfig
                0x0000000008005a94      0x140 ./Drivers/STM32F4xx_HAL_Driver/Src/stm32f4xx_hal_tim.o
                0x0000000008005a94                TIM_Base_SetConfig
 .text.TIM_TI1_ConfigInputStage
                0x0000000008005bd4       0x5e ./Drivers/STM32F4xx_HAL_Driver/Src/stm32f4xx_hal_tim.o
 .text.TIM_TI2_ConfigInputStage
                0x0000000008005c32       0x60 ./Drivers/STM32F4xx_HAL_Driver/Src/stm32f4xx_hal_tim.o
 .text.TIM_ITRx_SetConfig
                0x0000000008005c92       0x36 ./Drivers/STM32F4xx_HAL_Driver/Src/stm32f4xx_hal_tim.o
 .text.TIM_ETR_SetConfig
                0x0000000008005cc8       0x40 ./Drivers/STM32F4xx_HAL_Driver/Src/stm32f4xx_hal_tim.o
                0x0000000008005cc8                TIM_ETR_SetConfig
 .text.HAL_TIMEx_MasterConfigSynchronization
                0x0000000008005d08       0xf8 ./Drivers/STM32F4xx_HAL_Driver/Src/stm32f4xx_hal_tim_ex.o
                0x0000000008005d08                HAL_TIMEx_MasterConfigSynchronization
 .text.HAL_TIMEx_CommutCallback
                0x0000000008005e00       0x14 ./Drivers/STM32F4xx_HAL_Driver/Src/stm32f4xx_hal_tim_ex.o
                0x0000000008005e00                HAL_TIMEx_CommutCallback
 .text.HAL_TIMEx_BreakCallback
                0x0000000008005e14       0x14 ./Drivers/STM32F4xx_HAL_Driver/Src/stm32f4xx_hal_tim_ex.o
                0x0000000008005e14                HAL_TIMEx_BreakCallback
 .text.HAL_UART_Init
                0x0000000008005e28       0x9a ./Drivers/STM32F4xx_HAL_Driver/Src/stm32f4xx_hal_uart.o
                0x0000000008005e28                HAL_UART_Init
 .text.HAL_UART_DeInit
                0x0000000008005ec2       0x5e ./Drivers/STM32F4xx_HAL_Driver/Src/stm32f4xx_hal_uart.o
                0x0000000008005ec2                HAL_UART_DeInit
 .text.HAL_UART_Transmit
                0x0000000008005f20      0x124 ./Drivers/STM32F4xx_HAL_Driver/Src/stm32f4xx_hal_uart.o
                0x0000000008005f20                HAL_UART_Transmit
 .text.UART_WaitOnFlagUntilTimeout
                0x0000000008006044       0xdc ./Drivers/STM32F4xx_HAL_Driver/Src/stm32f4xx_hal_uart.o
 .text.UART_SetConfig
                0x0000000008006120      0x508 ./Drivers/STM32F4xx_HAL_Driver/Src/stm32f4xx_hal_uart.o
 .text.USB_CoreInit
                0x0000000008006628       0xc2 ./Drivers/STM32F4xx_HAL_Driver/Src/stm32f4xx_ll_usb.o
                0x0000000008006628                USB_CoreInit
 .text.USB_DisableGlobalInt
                0x00000000080066ea       0x22 ./Drivers/STM32F4xx_HAL_Driver/Src/stm32f4xx_ll_usb.o
                0x00000000080066ea                USB_DisableGlobalInt
 .text.USB_SetCurrentMode
                0x000000000800670c       0x98 ./Drivers/STM32F4xx_HAL_Driver/Src/stm32f4xx_ll_usb.o
                0x000000000800670c                USB_SetCurrentMode
 .text.USB_DevInit
                0x00000000080067a4      0x2bc ./Drivers/STM32F4xx_HAL_Driver/Src/stm32f4xx_ll_usb.o
                0x00000000080067a4                USB_DevInit
 .text.USB_FlushTxFifo
                0x0000000008006a60       0x68 ./Drivers/STM32F4xx_HAL_Driver/Src/stm32f4xx_ll_usb.o
                0x0000000008006a60                USB_FlushTxFifo
 .text.USB_FlushRxFifo
                0x0000000008006ac8       0x60 ./Drivers/STM32F4xx_HAL_Driver/Src/stm32f4xx_ll_usb.o
                0x0000000008006ac8                USB_FlushRxFifo
 .text.USB_SetDevSpeed
                0x0000000008006b28       0x32 ./Drivers/STM32F4xx_HAL_Driver/Src/stm32f4xx_ll_usb.o
                0x0000000008006b28                USB_SetDevSpeed
 .text.USB_DevDisconnect
                0x0000000008006b5a       0x42 ./Drivers/STM32F4xx_HAL_Driver/Src/stm32f4xx_ll_usb.o
                0x0000000008006b5a                USB_DevDisconnect
 .text.USB_GetMode
                0x0000000008006b9c       0x1c ./Drivers/STM32F4xx_HAL_Driver/Src/stm32f4xx_ll_usb.o
                0x0000000008006b9c                USB_GetMode
 .text.USB_CoreReset
                0x0000000008006bb8       0x68 ./Drivers/STM32F4xx_HAL_Driver/Src/stm32f4xx_ll_usb.o
 .text.interface_tx_frame
                0x0000000008006c20       0x92 ../Drivers/DWT_UWB_Driver/lib\libdwt_uwb_driver-m4-sfp-6.0.7.a(deca_interface.c.obj)
                0x0000000008006c20                interface_tx_frame
 .text.interface_get_timestamp
                0x0000000008006cb2       0x22 ../Drivers/DWT_UWB_Driver/lib\libdwt_uwb_driver-m4-sfp-6.0.7.a(deca_interface.c.obj)
                0x0000000008006cb2                interface_get_timestamp
 .text.interface_rx_disable
                0x0000000008006cd4       0x12 ../Drivers/DWT_UWB_Driver/lib\libdwt_uwb_driver-m4-sfp-6.0.7.a(deca_interface.c.obj)
                0x0000000008006cd4                interface_rx_disable
 *fill*         0x0000000008006ce6        0x2 
 .text.interface_rx_enable
                0x0000000008006ce8      0x1d8 ../Drivers/DWT_UWB_Driver/lib\libdwt_uwb_driver-m4-sfp-6.0.7.a(deca_interface.c.obj)
                0x0000000008006ce8                interface_rx_enable
 .text.interface_read_rx_frame
                0x0000000008006ec0       0x20 ../Drivers/DWT_UWB_Driver/lib\libdwt_uwb_driver-m4-sfp-6.0.7.a(deca_interface.c.obj)
                0x0000000008006ec0                interface_read_rx_frame
 .text.dwt_probe
                0x0000000008006ee0       0x98 ../Drivers/DWT_UWB_Driver/lib\libdwt_uwb_driver-m4-sfp-6.0.7.a(deca_compat.c.obj)
                0x0000000008006ee0                dwt_probe
 .text.dwt_readdevid
                0x0000000008006f78       0x24 ../Drivers/DWT_UWB_Driver/lib\libdwt_uwb_driver-m4-sfp-6.0.7.a(deca_compat.c.obj)
                0x0000000008006f78                dwt_readdevid
 .text.dwt_setlnapamode
                0x0000000008006f9c       0x1c ../Drivers/DWT_UWB_Driver/lib\libdwt_uwb_driver-m4-sfp-6.0.7.a(deca_compat.c.obj)
                0x0000000008006f9c                dwt_setlnapamode
 .text.dwt_configure
                0x0000000008006fb8       0x18 ../Drivers/DWT_UWB_Driver/lib\libdwt_uwb_driver-m4-sfp-6.0.7.a(deca_compat.c.obj)
                0x0000000008006fb8                dwt_configure
 .text.dwt_configuretxrf
                0x0000000008006fd0       0x18 ../Drivers/DWT_UWB_Driver/lib\libdwt_uwb_driver-m4-sfp-6.0.7.a(deca_compat.c.obj)
                0x0000000008006fd0                dwt_configuretxrf
 .text.dwt_setrxantennadelay
                0x0000000008006fe8       0x24 ../Drivers/DWT_UWB_Driver/lib\libdwt_uwb_driver-m4-sfp-6.0.7.a(deca_compat.c.obj)
                0x0000000008006fe8                dwt_setrxantennadelay
 .text.dwt_settxantennadelay
                0x000000000800700c       0x24 ../Drivers/DWT_UWB_Driver/lib\libdwt_uwb_driver-m4-sfp-6.0.7.a(deca_compat.c.obj)
                0x000000000800700c                dwt_settxantennadelay
 .text.dwt_writetxdata
                0x0000000008007030       0x1c ../Drivers/DWT_UWB_Driver/lib\libdwt_uwb_driver-m4-sfp-6.0.7.a(deca_compat.c.obj)
                0x0000000008007030                dwt_writetxdata
 .text.dwt_writetxfctrl
                0x000000000800704c       0x1c ../Drivers/DWT_UWB_Driver/lib\libdwt_uwb_driver-m4-sfp-6.0.7.a(deca_compat.c.obj)
                0x000000000800704c                dwt_writetxfctrl
 .text.dwt_starttx
                0x0000000008007068       0x24 ../Drivers/DWT_UWB_Driver/lib\libdwt_uwb_driver-m4-sfp-6.0.7.a(deca_compat.c.obj)
                0x0000000008007068                dwt_starttx
 .text.dwt_readtxtimestamplo32
                0x000000000800708c       0x24 ../Drivers/DWT_UWB_Driver/lib\libdwt_uwb_driver-m4-sfp-6.0.7.a(deca_compat.c.obj)
                0x000000000800708c                dwt_readtxtimestamplo32
 .text.dwt_readrxtimestamplo32
                0x00000000080070b0       0x24 ../Drivers/DWT_UWB_Driver/lib\libdwt_uwb_driver-m4-sfp-6.0.7.a(deca_compat.c.obj)
                0x00000000080070b0                dwt_readrxtimestamplo32
 .text.dwt_forcetrxoff
                0x00000000080070d4       0x1c ../Drivers/DWT_UWB_Driver/lib\libdwt_uwb_driver-m4-sfp-6.0.7.a(deca_compat.c.obj)
                0x00000000080070d4                dwt_forcetrxoff
 .text.dwt_rxenable
                0x00000000080070f0       0x18 ../Drivers/DWT_UWB_Driver/lib\libdwt_uwb_driver-m4-sfp-6.0.7.a(deca_compat.c.obj)
                0x00000000080070f0                dwt_rxenable
 .text.dwt_setrxtimeout
                0x0000000008007108       0x24 ../Drivers/DWT_UWB_Driver/lib\libdwt_uwb_driver-m4-sfp-6.0.7.a(deca_compat.c.obj)
                0x0000000008007108                dwt_setrxtimeout
 .text.dwt_generatecrc8
                0x000000000800712c       0x28 ../Drivers/DWT_UWB_Driver/lib\libdwt_uwb_driver-m4-sfp-6.0.7.a(deca_compat.c.obj)
                0x000000000800712c                dwt_generatecrc8
 .text.dwt_setrxaftertxdelay
                0x0000000008007154       0x24 ../Drivers/DWT_UWB_Driver/lib\libdwt_uwb_driver-m4-sfp-6.0.7.a(deca_compat.c.obj)
                0x0000000008007154                dwt_setrxaftertxdelay
 .text.dwt_readrxdata
                0x0000000008007178       0x1c ../Drivers/DWT_UWB_Driver/lib\libdwt_uwb_driver-m4-sfp-6.0.7.a(deca_compat.c.obj)
                0x0000000008007178                dwt_readrxdata
 .text.dwt_readclockoffset
                0x0000000008007194       0x28 ../Drivers/DWT_UWB_Driver/lib\libdwt_uwb_driver-m4-sfp-6.0.7.a(deca_compat.c.obj)
                0x0000000008007194                dwt_readclockoffset
 .text.dwt_setleds
                0x00000000080071bc       0x24 ../Drivers/DWT_UWB_Driver/lib\libdwt_uwb_driver-m4-sfp-6.0.7.a(deca_compat.c.obj)
                0x00000000080071bc                dwt_setleds
 .text.dwt_check_dev_id
                0x00000000080071e0       0x1c ../Drivers/DWT_UWB_Driver/lib\libdwt_uwb_driver-m4-sfp-6.0.7.a(deca_compat.c.obj)
                0x00000000080071e0                dwt_check_dev_id
 .text.dwt_writesysstatuslo
                0x00000000080071fc       0x24 ../Drivers/DWT_UWB_Driver/lib\libdwt_uwb_driver-m4-sfp-6.0.7.a(deca_compat.c.obj)
                0x00000000080071fc                dwt_writesysstatuslo
 .text.dwt_readsysstatuslo
                0x0000000008007220       0x24 ../Drivers/DWT_UWB_Driver/lib\libdwt_uwb_driver-m4-sfp-6.0.7.a(deca_compat.c.obj)
                0x0000000008007220                dwt_readsysstatuslo
 .text.dwt_readsysstatushi
                0x0000000008007244       0x24 ../Drivers/DWT_UWB_Driver/lib\libdwt_uwb_driver-m4-sfp-6.0.7.a(deca_compat.c.obj)
                0x0000000008007244                dwt_readsysstatushi
 .text.dwt_getframelength
                0x0000000008007268       0x28 ../Drivers/DWT_UWB_Driver/lib\libdwt_uwb_driver-m4-sfp-6.0.7.a(deca_compat.c.obj)
                0x0000000008007268                dwt_getframelength
 .text.dwt_dbg_fn
                0x0000000008007290       0x10 ../Drivers/DWT_UWB_Driver/lib\libdwt_uwb_driver-m4-sfp-6.0.7.a(dw3000_device.c.obj)
 .text._deinit  0x00000000080072a0        0x2 ../Drivers/DWT_UWB_Driver/lib\libdwt_uwb_driver-m4-sfp-6.0.7.a(dw3000_device.c.obj)
 .text.dwt_xfer3xxx
                0x00000000080072a2      0x106 ../Drivers/DWT_UWB_Driver/lib\libdwt_uwb_driver-m4-sfp-6.0.7.a(dw3000_device.c.obj)
 .text.dwt_readfromdevice
                0x00000000080073a8       0x14 ../Drivers/DWT_UWB_Driver/lib\libdwt_uwb_driver-m4-sfp-6.0.7.a(dw3000_device.c.obj)
 .text.dwt_read32bitoffsetreg
                0x00000000080073bc       0x2c ../Drivers/DWT_UWB_Driver/lib\libdwt_uwb_driver-m4-sfp-6.0.7.a(dw3000_device.c.obj)
 .text.dwt_read16bitoffsetreg
                0x00000000080073e8       0x24 ../Drivers/DWT_UWB_Driver/lib\libdwt_uwb_driver-m4-sfp-6.0.7.a(dw3000_device.c.obj)
 .text.dwt_read8bitoffsetreg
                0x000000000800740c       0x1c ../Drivers/DWT_UWB_Driver/lib\libdwt_uwb_driver-m4-sfp-6.0.7.a(dw3000_device.c.obj)
 .text.ull_readdiagnostics
                0x0000000008007428      0x718 ../Drivers/DWT_UWB_Driver/lib\libdwt_uwb_driver-m4-sfp-6.0.7.a(dw3000_device.c.obj)
 .text.ull_readrxtimestamp
                0x0000000008007b40       0x44 ../Drivers/DWT_UWB_Driver/lib\libdwt_uwb_driver-m4-sfp-6.0.7.a(dw3000_device.c.obj)
 .text.dwt_writetodevice
                0x0000000008007b84       0x16 ../Drivers/DWT_UWB_Driver/lib\libdwt_uwb_driver-m4-sfp-6.0.7.a(dw3000_device.c.obj)
 .text.dwt_write8bitoffsetreg
                0x0000000008007b9a       0x18 ../Drivers/DWT_UWB_Driver/lib\libdwt_uwb_driver-m4-sfp-6.0.7.a(dw3000_device.c.obj)
 *fill*         0x0000000008007bb2        0x2 
 .text.ull_getframelength
                0x0000000008007bb4       0x64 ../Drivers/DWT_UWB_Driver/lib\libdwt_uwb_driver-m4-sfp-6.0.7.a(dw3000_device.c.obj)
 .text.ull_configeventcounters
                0x0000000008007c18       0x26 ../Drivers/DWT_UWB_Driver/lib\libdwt_uwb_driver-m4-sfp-6.0.7.a(dw3000_device.c.obj)
 .text.dwt_write16bitoffsetreg
                0x0000000008007c3e       0x20 ../Drivers/DWT_UWB_Driver/lib\libdwt_uwb_driver-m4-sfp-6.0.7.a(dw3000_device.c.obj)
 *fill*         0x0000000008007c5e        0x2 
 .text.ull_clearaonconfig
                0x0000000008007c60       0x40 ../Drivers/DWT_UWB_Driver/lib\libdwt_uwb_driver-m4-sfp-6.0.7.a(dw3000_device.c.obj)
 .text.ull_force_clocks
                0x0000000008007ca0       0x2c ../Drivers/DWT_UWB_Driver/lib\libdwt_uwb_driver-m4-sfp-6.0.7.a(dw3000_device.c.obj)
 .text.__dwt_otp_write_wdata_id_reg
                0x0000000008007ccc       0x26 ../Drivers/DWT_UWB_Driver/lib\libdwt_uwb_driver-m4-sfp-6.0.7.a(dw3000_device.c.obj)
 *fill*         0x0000000008007cf2        0x2 
 .text._dwt_otpread
                0x0000000008007cf4       0x44 ../Drivers/DWT_UWB_Driver/lib\libdwt_uwb_driver-m4-sfp-6.0.7.a(dw3000_device.c.obj)
 .text.ull_aon_read
                0x0000000008007d38       0x40 ../Drivers/DWT_UWB_Driver/lib\libdwt_uwb_driver-m4-sfp-6.0.7.a(dw3000_device.c.obj)
 .text.ull_aon_write
                0x0000000008007d78       0x50 ../Drivers/DWT_UWB_Driver/lib\libdwt_uwb_driver-m4-sfp-6.0.7.a(dw3000_device.c.obj)
 .text.ull_configuresleep
                0x0000000008007dc8       0x54 ../Drivers/DWT_UWB_Driver/lib\libdwt_uwb_driver-m4-sfp-6.0.7.a(dw3000_device.c.obj)
 .text.ull_signal_rx_buff_free
                0x0000000008007e1c       0x24 ../Drivers/DWT_UWB_Driver/lib\libdwt_uwb_driver-m4-sfp-6.0.7.a(dw3000_device.c.obj)
 .text.dwt_write32bitoffsetreg
                0x0000000008007e40       0x2a ../Drivers/DWT_UWB_Driver/lib\libdwt_uwb_driver-m4-sfp-6.0.7.a(dw3000_device.c.obj)
 *fill*         0x0000000008007e6a        0x2 
 .text.ull_isr  0x0000000008007e6c      0x2bc ../Drivers/DWT_UWB_Driver/lib\libdwt_uwb_driver-m4-sfp-6.0.7.a(dw3000_device.c.obj)
 .text._dwt_adjust_delaytime
                0x0000000008008128       0x50 ../Drivers/DWT_UWB_Driver/lib\libdwt_uwb_driver-m4-sfp-6.0.7.a(dw3000_device.c.obj)
 .text.ull_setrxaftertxdelay
                0x0000000008008178       0x2c ../Drivers/DWT_UWB_Driver/lib\libdwt_uwb_driver-m4-sfp-6.0.7.a(dw3000_device.c.obj)
 .text.ull_setlnapamode
                0x00000000080081a4       0x44 ../Drivers/DWT_UWB_Driver/lib\libdwt_uwb_driver-m4-sfp-6.0.7.a(dw3000_device.c.obj)
 .text.ull_configurestskey
                0x00000000080081e8       0x48 ../Drivers/DWT_UWB_Driver/lib\libdwt_uwb_driver-m4-sfp-6.0.7.a(dw3000_device.c.obj)
 .text.ull_configurestsiv
                0x0000000008008230       0x48 ../Drivers/DWT_UWB_Driver/lib\libdwt_uwb_driver-m4-sfp-6.0.7.a(dw3000_device.c.obj)
 .text.ull_configmrxlut
                0x0000000008008278      0x104 ../Drivers/DWT_UWB_Driver/lib\libdwt_uwb_driver-m4-sfp-6.0.7.a(dw3000_device.c.obj)
 .text.ull_disable_rftx_blocks
                0x000000000800837c       0x14 ../Drivers/DWT_UWB_Driver/lib\libdwt_uwb_driver-m4-sfp-6.0.7.a(dw3000_device.c.obj)
 .text.ull_disable_rf_tx
                0x0000000008008390       0x3c ../Drivers/DWT_UWB_Driver/lib\libdwt_uwb_driver-m4-sfp-6.0.7.a(dw3000_device.c.obj)
 .text.ull_readrxdata
                0x00000000080083cc       0x6c ../Drivers/DWT_UWB_Driver/lib\libdwt_uwb_driver-m4-sfp-6.0.7.a(dw3000_device.c.obj)
 .text.ull_rxenable
                0x0000000008008438       0xc8 ../Drivers/DWT_UWB_Driver/lib\libdwt_uwb_driver-m4-sfp-6.0.7.a(dw3000_device.c.obj)
 .text.ull_writetxdata
                0x0000000008008500       0x64 ../Drivers/DWT_UWB_Driver/lib\libdwt_uwb_driver-m4-sfp-6.0.7.a(dw3000_device.c.obj)
 .text.dwt_modify32bitoffsetreg
                0x0000000008008564       0x48 ../Drivers/DWT_UWB_Driver/lib\libdwt_uwb_driver-m4-sfp-6.0.7.a(dw3000_device.c.obj)
 .text._dwt_kick_dgc_on_wakeup
                0x00000000080085ac       0x3c ../Drivers/DWT_UWB_Driver/lib\libdwt_uwb_driver-m4-sfp-6.0.7.a(dw3000_device.c.obj)
 .text.ull_enable_rf_tx
                0x00000000080085e8       0x68 ../Drivers/DWT_UWB_Driver/lib\libdwt_uwb_driver-m4-sfp-6.0.7.a(dw3000_device.c.obj)
 .text.ull_enable_rftx_blocks
                0x0000000008008650       0x24 ../Drivers/DWT_UWB_Driver/lib\libdwt_uwb_driver-m4-sfp-6.0.7.a(dw3000_device.c.obj)
 .text._dwt_otpprogword32
                0x0000000008008674      0x170 ../Drivers/DWT_UWB_Driver/lib\libdwt_uwb_driver-m4-sfp-6.0.7.a(dw3000_device.c.obj)
 .text.ull_setgpiomode
                0x00000000080087e4       0x3c ../Drivers/DWT_UWB_Driver/lib\libdwt_uwb_driver-m4-sfp-6.0.7.a(dw3000_device.c.obj)
 .text.ull_setinterrupt
                0x0000000008008820       0xb2 ../Drivers/DWT_UWB_Driver/lib\libdwt_uwb_driver-m4-sfp-6.0.7.a(dw3000_device.c.obj)
 *fill*         0x00000000080088d2        0x2 
 .text.ull_writetxfctrl
                0x00000000080088d4       0x4c ../Drivers/DWT_UWB_Driver/lib\libdwt_uwb_driver-m4-sfp-6.0.7.a(dw3000_device.c.obj)
 .text.prs_sys_status_and_or
                0x0000000008008920       0x18 ../Drivers/DWT_UWB_Driver/lib\libdwt_uwb_driver-m4-sfp-6.0.7.a(dw3000_device.c.obj)
 .text.dwt_modify8bitoffsetreg
                0x0000000008008938       0x28 ../Drivers/DWT_UWB_Driver/lib\libdwt_uwb_driver-m4-sfp-6.0.7.a(dw3000_device.c.obj)
 .text.ull_configciadiag
                0x0000000008008960       0x6c ../Drivers/DWT_UWB_Driver/lib\libdwt_uwb_driver-m4-sfp-6.0.7.a(dw3000_device.c.obj)
 .text.ull_calcbandwidthadj
                0x00000000080089cc       0x84 ../Drivers/DWT_UWB_Driver/lib\libdwt_uwb_driver-m4-sfp-6.0.7.a(dw3000_device.c.obj)
 .text.ull_configuretxrf
                0x0000000008008a50       0x34 ../Drivers/DWT_UWB_Driver/lib\libdwt_uwb_driver-m4-sfp-6.0.7.a(dw3000_device.c.obj)
 .text.ull_repeated_frames
                0x0000000008008a84       0x30 ../Drivers/DWT_UWB_Driver/lib\libdwt_uwb_driver-m4-sfp-6.0.7.a(dw3000_device.c.obj)
 .text.ull_setdwstate
                0x0000000008008ab4       0xbc ../Drivers/DWT_UWB_Driver/lib\libdwt_uwb_driver-m4-sfp-6.0.7.a(dw3000_device.c.obj)
 .text.ull_configureframefilter
                0x0000000008008b70       0x46 ../Drivers/DWT_UWB_Driver/lib\libdwt_uwb_driver-m4-sfp-6.0.7.a(dw3000_device.c.obj)
 *fill*         0x0000000008008bb6        0x2 
 .text.ull_run_pgfcal
                0x0000000008008bb8       0xc4 ../Drivers/DWT_UWB_Driver/lib\libdwt_uwb_driver-m4-sfp-6.0.7.a(dw3000_device.c.obj)
 .text.prs_ack_enable
                0x0000000008008c7c       0x20 ../Drivers/DWT_UWB_Driver/lib\libdwt_uwb_driver-m4-sfp-6.0.7.a(dw3000_device.c.obj)
 .text.dwt_modify16bitoffsetreg
                0x0000000008008c9c       0x32 ../Drivers/DWT_UWB_Driver/lib\libdwt_uwb_driver-m4-sfp-6.0.7.a(dw3000_device.c.obj)
 *fill*         0x0000000008008cce        0x2 
 .text._dwt_prog_ldo_and_bias_tune
                0x0000000008008cd0       0x38 ../Drivers/DWT_UWB_Driver/lib\libdwt_uwb_driver-m4-sfp-6.0.7.a(dw3000_device.c.obj)
 .text.ull_setleds
                0x0000000008008d08       0x9c ../Drivers/DWT_UWB_Driver/lib\libdwt_uwb_driver-m4-sfp-6.0.7.a(dw3000_device.c.obj)
 .text.ull_pgf_cal
                0x0000000008008da4       0x60 ../Drivers/DWT_UWB_Driver/lib\libdwt_uwb_driver-m4-sfp-6.0.7.a(dw3000_device.c.obj)
 .text.ull_setgpiovalue
                0x0000000008008e04       0x30 ../Drivers/DWT_UWB_Driver/lib\libdwt_uwb_driver-m4-sfp-6.0.7.a(dw3000_device.c.obj)
 .text.ull_readaccdata
                0x0000000008008e34       0x88 ../Drivers/DWT_UWB_Driver/lib\libdwt_uwb_driver-m4-sfp-6.0.7.a(dw3000_device.c.obj)
 .text.ull_repeated_cw
                0x0000000008008ebc       0x54 ../Drivers/DWT_UWB_Driver/lib\libdwt_uwb_driver-m4-sfp-6.0.7.a(dw3000_device.c.obj)
 .text.ull_configure
                0x0000000008008f10      0x454 ../Drivers/DWT_UWB_Driver/lib\libdwt_uwb_driver-m4-sfp-6.0.7.a(dw3000_device.c.obj)
 .text.dwt_ioctl
                0x0000000008009364     0x1ef0 ../Drivers/DWT_UWB_Driver/lib\libdwt_uwb_driver-m4-sfp-6.0.7.a(dw3000_device.c.obj)
 .text.ull_initialise
                0x000000000800b254      0x124 ../Drivers/DWT_UWB_Driver/lib\libdwt_uwb_driver-m4-sfp-6.0.7.a(dw3000_device.c.obj)
 .text._init    0x000000000800b378      0x1b0 ../Drivers/DWT_UWB_Driver/lib\libdwt_uwb_driver-m4-sfp-6.0.7.a(dw3000_device.c.obj)
 .text.dwt_dbg_fn
                0x000000000800b528       0x10 ../Drivers/DWT_UWB_Driver/lib\libdwt_uwb_driver-m4-sfp-6.0.7.a(dw3700_device.c.obj)
 .text._deinit  0x000000000800b538        0x2 ../Drivers/DWT_UWB_Driver/lib\libdwt_uwb_driver-m4-sfp-6.0.7.a(dw3700_device.c.obj)
 .text.dwt_xfer3xxx
                0x000000000800b53a       0xfc ../Drivers/DWT_UWB_Driver/lib\libdwt_uwb_driver-m4-sfp-6.0.7.a(dw3700_device.c.obj)
 .text.dwt_readfromdevice
                0x000000000800b636       0x14 ../Drivers/DWT_UWB_Driver/lib\libdwt_uwb_driver-m4-sfp-6.0.7.a(dw3700_device.c.obj)
 .text.dwt_read32bitoffsetreg
                0x000000000800b64a       0x2c ../Drivers/DWT_UWB_Driver/lib\libdwt_uwb_driver-m4-sfp-6.0.7.a(dw3700_device.c.obj)
 .text.dwt_read16bitoffsetreg
                0x000000000800b676       0x24 ../Drivers/DWT_UWB_Driver/lib\libdwt_uwb_driver-m4-sfp-6.0.7.a(dw3700_device.c.obj)
 .text.dwt_read8bitoffsetreg
                0x000000000800b69a       0x1c ../Drivers/DWT_UWB_Driver/lib\libdwt_uwb_driver-m4-sfp-6.0.7.a(dw3700_device.c.obj)
 .text.ull_readdiagnostics
                0x000000000800b6b6      0x768 ../Drivers/DWT_UWB_Driver/lib\libdwt_uwb_driver-m4-sfp-6.0.7.a(dw3700_device.c.obj)
 *fill*         0x000000000800be1e        0x2 
 .text.ull_readrxtimestamp
                0x000000000800be20       0x44 ../Drivers/DWT_UWB_Driver/lib\libdwt_uwb_driver-m4-sfp-6.0.7.a(dw3700_device.c.obj)
 .text.dwt_writetodevice
                0x000000000800be64       0x16 ../Drivers/DWT_UWB_Driver/lib\libdwt_uwb_driver-m4-sfp-6.0.7.a(dw3700_device.c.obj)
 .text.dwt_write16bitoffsetreg
                0x000000000800be7a       0x20 ../Drivers/DWT_UWB_Driver/lib\libdwt_uwb_driver-m4-sfp-6.0.7.a(dw3700_device.c.obj)
 *fill*         0x000000000800be9a        0x2 
 .text.ull_force_clocks
                0x000000000800be9c       0x2c ../Drivers/DWT_UWB_Driver/lib\libdwt_uwb_driver-m4-sfp-6.0.7.a(dw3700_device.c.obj)
 .text.__dwt_otp_write_wdata_id_reg
                0x000000000800bec8       0x26 ../Drivers/DWT_UWB_Driver/lib\libdwt_uwb_driver-m4-sfp-6.0.7.a(dw3700_device.c.obj)
 *fill*         0x000000000800beee        0x2 
 .text._dwt_otpread
                0x000000000800bef0       0x44 ../Drivers/DWT_UWB_Driver/lib\libdwt_uwb_driver-m4-sfp-6.0.7.a(dw3700_device.c.obj)
 .text.dwt_write32bitoffsetreg
                0x000000000800bf34       0x2a ../Drivers/DWT_UWB_Driver/lib\libdwt_uwb_driver-m4-sfp-6.0.7.a(dw3700_device.c.obj)
 .text._dwt_adjust_delaytime
                0x000000000800bf5e       0x4c ../Drivers/DWT_UWB_Driver/lib\libdwt_uwb_driver-m4-sfp-6.0.7.a(dw3700_device.c.obj)
 .text.ull_setrxaftertxdelay
                0x000000000800bfaa       0x28 ../Drivers/DWT_UWB_Driver/lib\libdwt_uwb_driver-m4-sfp-6.0.7.a(dw3700_device.c.obj)
 .text.ull_setlnapamode
                0x000000000800bfd2       0x40 ../Drivers/DWT_UWB_Driver/lib\libdwt_uwb_driver-m4-sfp-6.0.7.a(dw3700_device.c.obj)
 *fill*         0x000000000800c012        0x2 
 .text.ull_configurestskey
                0x000000000800c014       0x48 ../Drivers/DWT_UWB_Driver/lib\libdwt_uwb_driver-m4-sfp-6.0.7.a(dw3700_device.c.obj)
 .text.ull_configurestsiv
                0x000000000800c05c       0x48 ../Drivers/DWT_UWB_Driver/lib\libdwt_uwb_driver-m4-sfp-6.0.7.a(dw3700_device.c.obj)
 .text.ull_configmrxlut
                0x000000000800c0a4       0xf0 ../Drivers/DWT_UWB_Driver/lib\libdwt_uwb_driver-m4-sfp-6.0.7.a(dw3700_device.c.obj)
 .text.ull_disable_rftx_blocks
                0x000000000800c194       0x14 ../Drivers/DWT_UWB_Driver/lib\libdwt_uwb_driver-m4-sfp-6.0.7.a(dw3700_device.c.obj)
 .text.ull_disable_rf_tx
                0x000000000800c1a8       0x3c ../Drivers/DWT_UWB_Driver/lib\libdwt_uwb_driver-m4-sfp-6.0.7.a(dw3700_device.c.obj)
 .text.ull_readrxdata
                0x000000000800c1e4       0x6c ../Drivers/DWT_UWB_Driver/lib\libdwt_uwb_driver-m4-sfp-6.0.7.a(dw3700_device.c.obj)
 .text.dwt_write8bitoffsetreg
                0x000000000800c250       0x18 ../Drivers/DWT_UWB_Driver/lib\libdwt_uwb_driver-m4-sfp-6.0.7.a(dw3700_device.c.obj)
 .text.ull_getframelength
                0x000000000800c268       0x64 ../Drivers/DWT_UWB_Driver/lib\libdwt_uwb_driver-m4-sfp-6.0.7.a(dw3700_device.c.obj)
 .text._dwt_clear_db_events
                0x000000000800c2cc       0x34 ../Drivers/DWT_UWB_Driver/lib\libdwt_uwb_driver-m4-sfp-6.0.7.a(dw3700_device.c.obj)
 .text.ull_clearaonconfig
                0x000000000800c300       0x40 ../Drivers/DWT_UWB_Driver/lib\libdwt_uwb_driver-m4-sfp-6.0.7.a(dw3700_device.c.obj)
 .text.ull_configeventcounters
                0x000000000800c340       0x26 ../Drivers/DWT_UWB_Driver/lib\libdwt_uwb_driver-m4-sfp-6.0.7.a(dw3700_device.c.obj)
 *fill*         0x000000000800c366        0x2 
 .text.ull_aon_read
                0x000000000800c368       0x40 ../Drivers/DWT_UWB_Driver/lib\libdwt_uwb_driver-m4-sfp-6.0.7.a(dw3700_device.c.obj)
 .text.ull_aon_write
                0x000000000800c3a8       0x50 ../Drivers/DWT_UWB_Driver/lib\libdwt_uwb_driver-m4-sfp-6.0.7.a(dw3700_device.c.obj)
 .text.ull_configuresleep
                0x000000000800c3f8       0x54 ../Drivers/DWT_UWB_Driver/lib\libdwt_uwb_driver-m4-sfp-6.0.7.a(dw3700_device.c.obj)
 .text.ull_writetxdata
                0x000000000800c44c       0x64 ../Drivers/DWT_UWB_Driver/lib\libdwt_uwb_driver-m4-sfp-6.0.7.a(dw3700_device.c.obj)
 .text.ull_signal_rx_buff_free
                0x000000000800c4b0       0x28 ../Drivers/DWT_UWB_Driver/lib\libdwt_uwb_driver-m4-sfp-6.0.7.a(dw3700_device.c.obj)
 .text.ull_isr  0x000000000800c4d8      0x300 ../Drivers/DWT_UWB_Driver/lib\libdwt_uwb_driver-m4-sfp-6.0.7.a(dw3700_device.c.obj)
 .text.dwt_modify32bitoffsetreg
                0x000000000800c7d8       0x48 ../Drivers/DWT_UWB_Driver/lib\libdwt_uwb_driver-m4-sfp-6.0.7.a(dw3700_device.c.obj)
 .text.ull_enable_rf_tx
                0x000000000800c820       0x68 ../Drivers/DWT_UWB_Driver/lib\libdwt_uwb_driver-m4-sfp-6.0.7.a(dw3700_device.c.obj)
 .text.ull_enable_rftx_blocks
                0x000000000800c888       0x24 ../Drivers/DWT_UWB_Driver/lib\libdwt_uwb_driver-m4-sfp-6.0.7.a(dw3700_device.c.obj)
 .text._dwt_otpprogword32
                0x000000000800c8ac      0x170 ../Drivers/DWT_UWB_Driver/lib\libdwt_uwb_driver-m4-sfp-6.0.7.a(dw3700_device.c.obj)
 .text.ull_setgpiomode
                0x000000000800ca1c       0x3c ../Drivers/DWT_UWB_Driver/lib\libdwt_uwb_driver-m4-sfp-6.0.7.a(dw3700_device.c.obj)
 .text.ull_writetxfctrl
                0x000000000800ca58       0x4c ../Drivers/DWT_UWB_Driver/lib\libdwt_uwb_driver-m4-sfp-6.0.7.a(dw3700_device.c.obj)
 .text.prs_sys_status_and_or
                0x000000000800caa4       0x18 ../Drivers/DWT_UWB_Driver/lib\libdwt_uwb_driver-m4-sfp-6.0.7.a(dw3700_device.c.obj)
 .text.dwt_modify8bitoffsetreg
                0x000000000800cabc       0x28 ../Drivers/DWT_UWB_Driver/lib\libdwt_uwb_driver-m4-sfp-6.0.7.a(dw3700_device.c.obj)
 .text.ull_configciadiag
                0x000000000800cae4       0x6c ../Drivers/DWT_UWB_Driver/lib\libdwt_uwb_driver-m4-sfp-6.0.7.a(dw3700_device.c.obj)
 .text.ull_calcbandwidthadj
                0x000000000800cb50       0x84 ../Drivers/DWT_UWB_Driver/lib\libdwt_uwb_driver-m4-sfp-6.0.7.a(dw3700_device.c.obj)
 .text.ull_configuretxrf
                0x000000000800cbd4       0x34 ../Drivers/DWT_UWB_Driver/lib\libdwt_uwb_driver-m4-sfp-6.0.7.a(dw3700_device.c.obj)
 .text.ull_repeated_frames
                0x000000000800cc08       0x30 ../Drivers/DWT_UWB_Driver/lib\libdwt_uwb_driver-m4-sfp-6.0.7.a(dw3700_device.c.obj)
 .text.ull_setdwstate
                0x000000000800cc38       0xb8 ../Drivers/DWT_UWB_Driver/lib\libdwt_uwb_driver-m4-sfp-6.0.7.a(dw3700_device.c.obj)
 .text.ull_configureframefilter
                0x000000000800ccf0       0x46 ../Drivers/DWT_UWB_Driver/lib\libdwt_uwb_driver-m4-sfp-6.0.7.a(dw3700_device.c.obj)
 *fill*         0x000000000800cd36        0x2 
 .text.ull_run_pgfcal
                0x000000000800cd38       0xc4 ../Drivers/DWT_UWB_Driver/lib\libdwt_uwb_driver-m4-sfp-6.0.7.a(dw3700_device.c.obj)
 .text.ull_setinterrupt
                0x000000000800cdfc       0xd8 ../Drivers/DWT_UWB_Driver/lib\libdwt_uwb_driver-m4-sfp-6.0.7.a(dw3700_device.c.obj)
 .text.prs_ack_enable
                0x000000000800ced4       0x20 ../Drivers/DWT_UWB_Driver/lib\libdwt_uwb_driver-m4-sfp-6.0.7.a(dw3700_device.c.obj)
 .text.dwt_modify16bitoffsetreg
                0x000000000800cef4       0x32 ../Drivers/DWT_UWB_Driver/lib\libdwt_uwb_driver-m4-sfp-6.0.7.a(dw3700_device.c.obj)
 *fill*         0x000000000800cf26        0x2 
 .text.ull_setleds
                0x000000000800cf28       0x9c ../Drivers/DWT_UWB_Driver/lib\libdwt_uwb_driver-m4-sfp-6.0.7.a(dw3700_device.c.obj)
 .text.ull_pgf_cal
                0x000000000800cfc4       0x60 ../Drivers/DWT_UWB_Driver/lib\libdwt_uwb_driver-m4-sfp-6.0.7.a(dw3700_device.c.obj)
 .text.ull_setgpiovalue
                0x000000000800d024       0x30 ../Drivers/DWT_UWB_Driver/lib\libdwt_uwb_driver-m4-sfp-6.0.7.a(dw3700_device.c.obj)
 .text.ull_readaccdata
                0x000000000800d054       0x88 ../Drivers/DWT_UWB_Driver/lib\libdwt_uwb_driver-m4-sfp-6.0.7.a(dw3700_device.c.obj)
 .text.ull_repeated_cw
                0x000000000800d0dc       0x54 ../Drivers/DWT_UWB_Driver/lib\libdwt_uwb_driver-m4-sfp-6.0.7.a(dw3700_device.c.obj)
 .text.ull_configure
                0x000000000800d130      0x480 ../Drivers/DWT_UWB_Driver/lib\libdwt_uwb_driver-m4-sfp-6.0.7.a(dw3700_device.c.obj)
 .text.ull_initialise
                0x000000000800d5b0      0x128 ../Drivers/DWT_UWB_Driver/lib\libdwt_uwb_driver-m4-sfp-6.0.7.a(dw3700_device.c.obj)
 .text.ull_rxenable
                0x000000000800d6d8       0xe0 ../Drivers/DWT_UWB_Driver/lib\libdwt_uwb_driver-m4-sfp-6.0.7.a(dw3700_device.c.obj)
 .text.ull_softreset_no_sema_fcmd
                0x000000000800d7b8       0x28 ../Drivers/DWT_UWB_Driver/lib\libdwt_uwb_driver-m4-sfp-6.0.7.a(dw3700_device.c.obj)
 .text.ull_softreset_fcmd
                0x000000000800d7e0       0x28 ../Drivers/DWT_UWB_Driver/lib\libdwt_uwb_driver-m4-sfp-6.0.7.a(dw3700_device.c.obj)
 .text.dwt_ioctl
                0x000000000800d808     0x20e0 ../Drivers/DWT_UWB_Driver/lib\libdwt_uwb_driver-m4-sfp-6.0.7.a(dw3700_device.c.obj)
 .text._init    0x000000000800f8e8      0x1b0 ../Drivers/DWT_UWB_Driver/lib\libdwt_uwb_driver-m4-sfp-6.0.7.a(dw3700_device.c.obj)
 .text.ull_wakeup_ic
                0x000000000800fa98        0x8 ../Drivers/DWT_UWB_Driver/lib\libdwt_uwb_driver-m4-sfp-6.0.7.a(dw3720_device.c.obj)
 .text.get_sts_mnth
                0x000000000800faa0       0x28 ../Drivers/DWT_UWB_Driver/lib\libdwt_uwb_driver-m4-sfp-6.0.7.a(dw3720_device.c.obj)
 .text.dwt_dbg_fn
                0x000000000800fac8       0x10 ../Drivers/DWT_UWB_Driver/lib\libdwt_uwb_driver-m4-sfp-6.0.7.a(dw3720_device.c.obj)
 .text._deinit  0x000000000800fad8        0x2 ../Drivers/DWT_UWB_Driver/lib\libdwt_uwb_driver-m4-sfp-6.0.7.a(dw3720_device.c.obj)
 .text.dwt_xfer3xxx
                0x000000000800fada       0xfc ../Drivers/DWT_UWB_Driver/lib\libdwt_uwb_driver-m4-sfp-6.0.7.a(dw3720_device.c.obj)
 .text.dwt_readfromdevice
                0x000000000800fbd6       0x14 ../Drivers/DWT_UWB_Driver/lib\libdwt_uwb_driver-m4-sfp-6.0.7.a(dw3720_device.c.obj)
 .text.dwt_read32bitoffsetreg
                0x000000000800fbea       0x2c ../Drivers/DWT_UWB_Driver/lib\libdwt_uwb_driver-m4-sfp-6.0.7.a(dw3720_device.c.obj)
 .text.dwt_read16bitoffsetreg
                0x000000000800fc16       0x24 ../Drivers/DWT_UWB_Driver/lib\libdwt_uwb_driver-m4-sfp-6.0.7.a(dw3720_device.c.obj)
 .text.ull_getrxantennadelay
                0x000000000800fc3a        0xe ../Drivers/DWT_UWB_Driver/lib\libdwt_uwb_driver-m4-sfp-6.0.7.a(dw3720_device.c.obj)
 .text.ull_gettxantennadelay
                0x000000000800fc48        0xc ../Drivers/DWT_UWB_Driver/lib\libdwt_uwb_driver-m4-sfp-6.0.7.a(dw3720_device.c.obj)
 .text.ull_readclockoffset
                0x000000000800fc54       0x40 ../Drivers/DWT_UWB_Driver/lib\libdwt_uwb_driver-m4-sfp-6.0.7.a(dw3720_device.c.obj)
 .text.dwt_read8bitoffsetreg
                0x000000000800fc94       0x1c ../Drivers/DWT_UWB_Driver/lib\libdwt_uwb_driver-m4-sfp-6.0.7.a(dw3720_device.c.obj)
 .text.ull_readcarrierintegrator
                0x000000000800fcb0       0x40 ../Drivers/DWT_UWB_Driver/lib\libdwt_uwb_driver-m4-sfp-6.0.7.a(dw3720_device.c.obj)
 .text.ull_readdiagnostics
                0x000000000800fcf0      0x786 ../Drivers/DWT_UWB_Driver/lib\libdwt_uwb_driver-m4-sfp-6.0.7.a(dw3720_device.c.obj)
 *fill*         0x0000000008010476        0x2 
 .text.ull_readrxtimestamp
                0x0000000008010478       0x44 ../Drivers/DWT_UWB_Driver/lib\libdwt_uwb_driver-m4-sfp-6.0.7.a(dw3720_device.c.obj)
 .text.dwt_writetodevice
                0x00000000080104bc       0x16 ../Drivers/DWT_UWB_Driver/lib\libdwt_uwb_driver-m4-sfp-6.0.7.a(dw3720_device.c.obj)
 .text.dwt_write16bitoffsetreg
                0x00000000080104d2       0x20 ../Drivers/DWT_UWB_Driver/lib\libdwt_uwb_driver-m4-sfp-6.0.7.a(dw3720_device.c.obj)
 .text.ull_setrxantennadelay
                0x00000000080104f2       0x10 ../Drivers/DWT_UWB_Driver/lib\libdwt_uwb_driver-m4-sfp-6.0.7.a(dw3720_device.c.obj)
 .text.ull_settxantennadelay
                0x0000000008010502        0xe ../Drivers/DWT_UWB_Driver/lib\libdwt_uwb_driver-m4-sfp-6.0.7.a(dw3720_device.c.obj)
 .text.ull_force_clocks
                0x0000000008010510       0x2c ../Drivers/DWT_UWB_Driver/lib\libdwt_uwb_driver-m4-sfp-6.0.7.a(dw3720_device.c.obj)
 .text.__dwt_otp_write_wdata_id_reg
                0x000000000801053c       0x26 ../Drivers/DWT_UWB_Driver/lib\libdwt_uwb_driver-m4-sfp-6.0.7.a(dw3720_device.c.obj)
 *fill*         0x0000000008010562        0x2 
 .text._dwt_otpread
                0x0000000008010564       0x44 ../Drivers/DWT_UWB_Driver/lib\libdwt_uwb_driver-m4-sfp-6.0.7.a(dw3720_device.c.obj)
 .text.dwt_write32bitoffsetreg
                0x00000000080105a8       0x2a ../Drivers/DWT_UWB_Driver/lib\libdwt_uwb_driver-m4-sfp-6.0.7.a(dw3720_device.c.obj)
 .text._dwt_adjust_delaytime
                0x00000000080105d2       0x4c ../Drivers/DWT_UWB_Driver/lib\libdwt_uwb_driver-m4-sfp-6.0.7.a(dw3720_device.c.obj)
 .text.ull_setrxaftertxdelay
                0x000000000801061e       0x28 ../Drivers/DWT_UWB_Driver/lib\libdwt_uwb_driver-m4-sfp-6.0.7.a(dw3720_device.c.obj)
 *fill*         0x0000000008010646        0x2 
 .text.ull_setfinegraintxseq
                0x0000000008010648       0x28 ../Drivers/DWT_UWB_Driver/lib\libdwt_uwb_driver-m4-sfp-6.0.7.a(dw3720_device.c.obj)
 .text.ull_setlnapamode
                0x0000000008010670       0x40 ../Drivers/DWT_UWB_Driver/lib\libdwt_uwb_driver-m4-sfp-6.0.7.a(dw3720_device.c.obj)
 .text.ull_configurestskey
                0x00000000080106b0       0x48 ../Drivers/DWT_UWB_Driver/lib\libdwt_uwb_driver-m4-sfp-6.0.7.a(dw3720_device.c.obj)
 .text.ull_configurestsiv
                0x00000000080106f8       0x48 ../Drivers/DWT_UWB_Driver/lib\libdwt_uwb_driver-m4-sfp-6.0.7.a(dw3720_device.c.obj)
 .text.ull_configmrxlut
                0x0000000008010740      0x12c ../Drivers/DWT_UWB_Driver/lib\libdwt_uwb_driver-m4-sfp-6.0.7.a(dw3720_device.c.obj)
 .text.ull_disable_rftx_blocks
                0x000000000801086c       0x14 ../Drivers/DWT_UWB_Driver/lib\libdwt_uwb_driver-m4-sfp-6.0.7.a(dw3720_device.c.obj)
 .text.ull_disable_rf_tx
                0x0000000008010880       0x3c ../Drivers/DWT_UWB_Driver/lib\libdwt_uwb_driver-m4-sfp-6.0.7.a(dw3720_device.c.obj)
 .text.ull_repeated_cw
                0x00000000080108bc       0x48 ../Drivers/DWT_UWB_Driver/lib\libdwt_uwb_driver-m4-sfp-6.0.7.a(dw3720_device.c.obj)
 .text.ull_readrxdata
                0x0000000008010904       0x6c ../Drivers/DWT_UWB_Driver/lib\libdwt_uwb_driver-m4-sfp-6.0.7.a(dw3720_device.c.obj)
 .text.dwt_write8bitoffsetreg
                0x0000000008010970       0x18 ../Drivers/DWT_UWB_Driver/lib\libdwt_uwb_driver-m4-sfp-6.0.7.a(dw3720_device.c.obj)
 .text.ull_getframelength
                0x0000000008010988       0x64 ../Drivers/DWT_UWB_Driver/lib\libdwt_uwb_driver-m4-sfp-6.0.7.a(dw3720_device.c.obj)
 .text._dwt_clear_db_events
                0x00000000080109ec       0x34 ../Drivers/DWT_UWB_Driver/lib\libdwt_uwb_driver-m4-sfp-6.0.7.a(dw3720_device.c.obj)
 .text.ull_clearaonconfig
                0x0000000008010a20       0x40 ../Drivers/DWT_UWB_Driver/lib\libdwt_uwb_driver-m4-sfp-6.0.7.a(dw3720_device.c.obj)
 .text.ull_configeventcounters
                0x0000000008010a60       0x26 ../Drivers/DWT_UWB_Driver/lib\libdwt_uwb_driver-m4-sfp-6.0.7.a(dw3720_device.c.obj)
 *fill*         0x0000000008010a86        0x2 
 .text.ull_aon_read
                0x0000000008010a88       0x40 ../Drivers/DWT_UWB_Driver/lib\libdwt_uwb_driver-m4-sfp-6.0.7.a(dw3720_device.c.obj)
 .text.ull_aon_write
                0x0000000008010ac8       0x50 ../Drivers/DWT_UWB_Driver/lib\libdwt_uwb_driver-m4-sfp-6.0.7.a(dw3720_device.c.obj)
 .text.ull_configuresleep
                0x0000000008010b18       0x64 ../Drivers/DWT_UWB_Driver/lib\libdwt_uwb_driver-m4-sfp-6.0.7.a(dw3720_device.c.obj)
 .text.ull_setplenfine
                0x0000000008010b7c        0xe ../Drivers/DWT_UWB_Driver/lib\libdwt_uwb_driver-m4-sfp-6.0.7.a(dw3720_device.c.obj)
 *fill*         0x0000000008010b8a        0x2 
 .text.ull_update_nonce_GCM
                0x0000000008010b8c       0x1c ../Drivers/DWT_UWB_Driver/lib\libdwt_uwb_driver-m4-sfp-6.0.7.a(dw3720_device.c.obj)
 .text.ull_update_nonce_CCM
                0x0000000008010ba8       0x7c ../Drivers/DWT_UWB_Driver/lib\libdwt_uwb_driver-m4-sfp-6.0.7.a(dw3720_device.c.obj)
 .text.ull_writetxdata
                0x0000000008010c24       0x64 ../Drivers/DWT_UWB_Driver/lib\libdwt_uwb_driver-m4-sfp-6.0.7.a(dw3720_device.c.obj)
 .text.ull_signal_rx_buff_free
                0x0000000008010c88       0x28 ../Drivers/DWT_UWB_Driver/lib\libdwt_uwb_driver-m4-sfp-6.0.7.a(dw3720_device.c.obj)
 .text.ull_isr  0x0000000008010cb0      0x304 ../Drivers/DWT_UWB_Driver/lib\libdwt_uwb_driver-m4-sfp-6.0.7.a(dw3720_device.c.obj)
 .text.dwt_modify32bitoffsetreg
                0x0000000008010fb4       0x48 ../Drivers/DWT_UWB_Driver/lib\libdwt_uwb_driver-m4-sfp-6.0.7.a(dw3720_device.c.obj)
 .text.ull_enablegpioclocks
                0x0000000008010ffc       0x20 ../Drivers/DWT_UWB_Driver/lib\libdwt_uwb_driver-m4-sfp-6.0.7.a(dw3720_device.c.obj)
 .text.ull_enable_rf_tx
                0x000000000801101c       0x68 ../Drivers/DWT_UWB_Driver/lib\libdwt_uwb_driver-m4-sfp-6.0.7.a(dw3720_device.c.obj)
 .text.ull_enable_rftx_blocks
                0x0000000008011084       0x24 ../Drivers/DWT_UWB_Driver/lib\libdwt_uwb_driver-m4-sfp-6.0.7.a(dw3720_device.c.obj)
 .text._dwt_otpprogword32
                0x00000000080110a8      0x170 ../Drivers/DWT_UWB_Driver/lib\libdwt_uwb_driver-m4-sfp-6.0.7.a(dw3720_device.c.obj)
 .text.ull_setgpiomode
                0x0000000008011218       0x3c ../Drivers/DWT_UWB_Driver/lib\libdwt_uwb_driver-m4-sfp-6.0.7.a(dw3720_device.c.obj)
 .text.ull_writetxfctrl
                0x0000000008011254       0x28 ../Drivers/DWT_UWB_Driver/lib\libdwt_uwb_driver-m4-sfp-6.0.7.a(dw3720_device.c.obj)
 .text.prs_sys_status_and_or
                0x000000000801127c       0x18 ../Drivers/DWT_UWB_Driver/lib\libdwt_uwb_driver-m4-sfp-6.0.7.a(dw3720_device.c.obj)
 .text.dwt_modify8bitoffsetreg
                0x0000000008011294       0x28 ../Drivers/DWT_UWB_Driver/lib\libdwt_uwb_driver-m4-sfp-6.0.7.a(dw3720_device.c.obj)
 .text.ull_enablespicrccheck
                0x00000000080112bc       0x36 ../Drivers/DWT_UWB_Driver/lib\libdwt_uwb_driver-m4-sfp-6.0.7.a(dw3720_device.c.obj)
 *fill*         0x00000000080112f2        0x2 
 .text.ull_configciadiag
                0x00000000080112f4       0x6c ../Drivers/DWT_UWB_Driver/lib\libdwt_uwb_driver-m4-sfp-6.0.7.a(dw3720_device.c.obj)
 .text.ull_configurestsloadiv
                0x0000000008011360       0x1c ../Drivers/DWT_UWB_Driver/lib\libdwt_uwb_driver-m4-sfp-6.0.7.a(dw3720_device.c.obj)
 .text.ull_adcoffsetscalibration
                0x000000000801137c      0x230 ../Drivers/DWT_UWB_Driver/lib\libdwt_uwb_driver-m4-sfp-6.0.7.a(dw3720_device.c.obj)
 .text.ull_restoreconfig
                0x00000000080115ac       0x60 ../Drivers/DWT_UWB_Driver/lib\libdwt_uwb_driver-m4-sfp-6.0.7.a(dw3720_device.c.obj)
 .text.ull_calcbandwidthadj
                0x000000000801160c       0x84 ../Drivers/DWT_UWB_Driver/lib\libdwt_uwb_driver-m4-sfp-6.0.7.a(dw3720_device.c.obj)
 .text.ull_configuretxrf
                0x0000000008011690       0x34 ../Drivers/DWT_UWB_Driver/lib\libdwt_uwb_driver-m4-sfp-6.0.7.a(dw3720_device.c.obj)
 .text.ull_repeated_frames
                0x00000000080116c4       0x30 ../Drivers/DWT_UWB_Driver/lib\libdwt_uwb_driver-m4-sfp-6.0.7.a(dw3720_device.c.obj)
 .text.ull_setdwstate
                0x00000000080116f4       0xbc ../Drivers/DWT_UWB_Driver/lib\libdwt_uwb_driver-m4-sfp-6.0.7.a(dw3720_device.c.obj)
 .text.ull_configureframefilter
                0x00000000080117b0       0x46 ../Drivers/DWT_UWB_Driver/lib\libdwt_uwb_driver-m4-sfp-6.0.7.a(dw3720_device.c.obj)
 *fill*         0x00000000080117f6        0x2 
 .text.ull_run_pgfcal
                0x00000000080117f8       0xc4 ../Drivers/DWT_UWB_Driver/lib\libdwt_uwb_driver-m4-sfp-6.0.7.a(dw3720_device.c.obj)
 .text.ull_setinterrupt
                0x00000000080118bc       0xd8 ../Drivers/DWT_UWB_Driver/lib\libdwt_uwb_driver-m4-sfp-6.0.7.a(dw3720_device.c.obj)
 .text.prs_ack_enable
                0x0000000008011994       0x20 ../Drivers/DWT_UWB_Driver/lib\libdwt_uwb_driver-m4-sfp-6.0.7.a(dw3720_device.c.obj)
 .text.dwt_modify16bitoffsetreg
                0x00000000080119b4       0x32 ../Drivers/DWT_UWB_Driver/lib\libdwt_uwb_driver-m4-sfp-6.0.7.a(dw3720_device.c.obj)
 *fill*         0x00000000080119e6        0x2 
 .text.ull_configurestsmode
                0x00000000080119e8       0x48 ../Drivers/DWT_UWB_Driver/lib\libdwt_uwb_driver-m4-sfp-6.0.7.a(dw3720_device.c.obj)
 .text.ull_setleds
                0x0000000008011a30       0x9c ../Drivers/DWT_UWB_Driver/lib\libdwt_uwb_driver-m4-sfp-6.0.7.a(dw3720_device.c.obj)
 .text.ull_pgf_cal
                0x0000000008011acc       0x60 ../Drivers/DWT_UWB_Driver/lib\libdwt_uwb_driver-m4-sfp-6.0.7.a(dw3720_device.c.obj)
 .text.ull_setgpiovalue
                0x0000000008011b2c       0x30 ../Drivers/DWT_UWB_Driver/lib\libdwt_uwb_driver-m4-sfp-6.0.7.a(dw3720_device.c.obj)
 .text.ull_readaccdata
                0x0000000008011b5c       0x88 ../Drivers/DWT_UWB_Driver/lib\libdwt_uwb_driver-m4-sfp-6.0.7.a(dw3720_device.c.obj)
 .text.ull_configure
                0x0000000008011be4      0x49c ../Drivers/DWT_UWB_Driver/lib\libdwt_uwb_driver-m4-sfp-6.0.7.a(dw3720_device.c.obj)
 .text.ull_initialise
                0x0000000008012080      0x13c ../Drivers/DWT_UWB_Driver/lib\libdwt_uwb_driver-m4-sfp-6.0.7.a(dw3720_device.c.obj)
 .text.ull_rxenable
                0x00000000080121bc       0xe0 ../Drivers/DWT_UWB_Driver/lib\libdwt_uwb_driver-m4-sfp-6.0.7.a(dw3720_device.c.obj)
 .text.ull_softreset_no_sema_fcmd
                0x000000000801229c       0x28 ../Drivers/DWT_UWB_Driver/lib\libdwt_uwb_driver-m4-sfp-6.0.7.a(dw3720_device.c.obj)
 .text.ull_softreset_fcmd
                0x00000000080122c4       0x28 ../Drivers/DWT_UWB_Driver/lib\libdwt_uwb_driver-m4-sfp-6.0.7.a(dw3720_device.c.obj)
 .text.dwt_ioctl
                0x00000000080122ec     0x2038 ../Drivers/DWT_UWB_Driver/lib\libdwt_uwb_driver-m4-sfp-6.0.7.a(dw3720_device.c.obj)
 .text._init    0x0000000008014324      0x198 ../Drivers/DWT_UWB_Driver/lib\libdwt_uwb_driver-m4-sfp-6.0.7.a(dw3720_device.c.obj)
 .text.__errno  0x00000000080144bc        0xc d:/programs/st/stm32cubeide_1.12.1/stm32cubeide/plugins/com.st.stm32cube.ide.mcu.externaltools.gnu-tools-for-stm32.10.3-2021.10.win32_1.0.200.202301161003/tools/bin/../lib/gcc/arm-none-eabi/10.3.1/../../../../arm-none-eabi/lib/thumb/v7e-m+fp/softfp\libc.a(lib_a-errno.o)
                0x00000000080144bc                __errno
 .text.__libc_init_array
                0x00000000080144c8       0x48 d:/programs/st/stm32cubeide_1.12.1/stm32cubeide/plugins/com.st.stm32cube.ide.mcu.externaltools.gnu-tools-for-stm32.10.3-2021.10.win32_1.0.200.202301161003/tools/bin/../lib/gcc/arm-none-eabi/10.3.1/../../../../arm-none-eabi/lib/thumb/v7e-m+fp/softfp\libc.a(lib_a-init.o)
                0x00000000080144c8                __libc_init_array
 .text.malloc   0x0000000008014510       0x10 d:/programs/st/stm32cubeide_1.12.1/stm32cubeide/plugins/com.st.stm32cube.ide.mcu.externaltools.gnu-tools-for-stm32.10.3-2021.10.win32_1.0.200.202301161003/tools/bin/../lib/gcc/arm-none-eabi/10.3.1/../../../../arm-none-eabi/lib/thumb/v7e-m+fp/softfp\libc.a(lib_a-malloc.o)
                0x0000000008014510                malloc
 .text._malloc_r
                0x0000000008014520      0x478 d:/programs/st/stm32cubeide_1.12.1/stm32cubeide/plugins/com.st.stm32cube.ide.mcu.externaltools.gnu-tools-for-stm32.10.3-2021.10.win32_1.0.200.202301161003/tools/bin/../lib/gcc/arm-none-eabi/10.3.1/../../../../arm-none-eabi/lib/thumb/v7e-m+fp/softfp\libc.a(lib_a-mallocr.o)
                0x0000000008014520                _malloc_r
 .text.memcmp   0x0000000008014998       0x20 d:/programs/st/stm32cubeide_1.12.1/stm32cubeide/plugins/com.st.stm32cube.ide.mcu.externaltools.gnu-tools-for-stm32.10.3-2021.10.win32_1.0.200.202301161003/tools/bin/../lib/gcc/arm-none-eabi/10.3.1/../../../../arm-none-eabi/lib/thumb/v7e-m+fp/softfp\libc.a(lib_a-memcmp.o)
                0x0000000008014998                memcmp
 .text.memset   0x00000000080149b8       0x10 d:/programs/st/stm32cubeide_1.12.1/stm32cubeide/plugins/com.st.stm32cube.ide.mcu.externaltools.gnu-tools-for-stm32.10.3-2021.10.win32_1.0.200.202301161003/tools/bin/../lib/gcc/arm-none-eabi/10.3.1/../../../../arm-none-eabi/lib/thumb/v7e-m+fp/softfp\libc.a(lib_a-memset.o)
                0x00000000080149b8                memset
 .text.__malloc_lock
                0x00000000080149c8        0xc d:/programs/st/stm32cubeide_1.12.1/stm32cubeide/plugins/com.st.stm32cube.ide.mcu.externaltools.gnu-tools-for-stm32.10.3-2021.10.win32_1.0.200.202301161003/tools/bin/../lib/gcc/arm-none-eabi/10.3.1/../../../../arm-none-eabi/lib/thumb/v7e-m+fp/softfp\libc.a(lib_a-mlock.o)
                0x00000000080149c8                __malloc_lock
 .text.__malloc_unlock
                0x00000000080149d4        0xc d:/programs/st/stm32cubeide_1.12.1/stm32cubeide/plugins/com.st.stm32cube.ide.mcu.externaltools.gnu-tools-for-stm32.10.3-2021.10.win32_1.0.200.202301161003/tools/bin/../lib/gcc/arm-none-eabi/10.3.1/../../../../arm-none-eabi/lib/thumb/v7e-m+fp/softfp\libc.a(lib_a-mlock.o)
                0x00000000080149d4                __malloc_unlock
 .text._sbrk_r  0x00000000080149e0       0x20 d:/programs/st/stm32cubeide_1.12.1/stm32cubeide/plugins/com.st.stm32cube.ide.mcu.externaltools.gnu-tools-for-stm32.10.3-2021.10.win32_1.0.200.202301161003/tools/bin/../lib/gcc/arm-none-eabi/10.3.1/../../../../arm-none-eabi/lib/thumb/v7e-m+fp/softfp\libc.a(lib_a-sbrkr.o)
                0x00000000080149e0                _sbrk_r
 .text.snprintf
                0x0000000008014a00       0x68 d:/programs/st/stm32cubeide_1.12.1/stm32cubeide/plugins/com.st.stm32cube.ide.mcu.externaltools.gnu-tools-for-stm32.10.3-2021.10.win32_1.0.200.202301161003/tools/bin/../lib/gcc/arm-none-eabi/10.3.1/../../../../arm-none-eabi/lib/thumb/v7e-m+fp/softfp\libc.a(lib_a-snprintf.o)
                0x0000000008014a00                snprintf
 .text._svfprintf_r
                0x0000000008014a68     0x13c0 d:/programs/st/stm32cubeide_1.12.1/stm32cubeide/plugins/com.st.stm32cube.ide.mcu.externaltools.gnu-tools-for-stm32.10.3-2021.10.win32_1.0.200.202301161003/tools/bin/../lib/gcc/arm-none-eabi/10.3.1/../../../../arm-none-eabi/lib/thumb/v7e-m+fp/softfp\libc.a(lib_a-svfprintf.o)
                0x0000000008014a68                _svfprintf_r
 .text.sysconf  0x0000000008015e28       0x1a d:/programs/st/stm32cubeide_1.12.1/stm32cubeide/plugins/com.st.stm32cube.ide.mcu.externaltools.gnu-tools-for-stm32.10.3-2021.10.win32_1.0.200.202301161003/tools/bin/../lib/gcc/arm-none-eabi/10.3.1/../../../../arm-none-eabi/lib/thumb/v7e-m+fp/softfp\libc.a(lib_a-sysconf.o)
                0x0000000008015e28                sysconf
 *fill*         0x0000000008015e42        0x2 
 .text.startup.register_fini
                0x0000000008015e44       0x14 d:/programs/st/stm32cubeide_1.12.1/stm32cubeide/plugins/com.st.stm32cube.ide.mcu.externaltools.gnu-tools-for-stm32.10.3-2021.10.win32_1.0.200.202301161003/tools/bin/../lib/gcc/arm-none-eabi/10.3.1/../../../../arm-none-eabi/lib/thumb/v7e-m+fp/softfp\libc.a(lib_a-__call_atexit.o)
 .text.atexit   0x0000000008015e58        0xc d:/programs/st/stm32cubeide_1.12.1/stm32cubeide/plugins/com.st.stm32cube.ide.mcu.externaltools.gnu-tools-for-stm32.10.3-2021.10.win32_1.0.200.202301161003/tools/bin/../lib/gcc/arm-none-eabi/10.3.1/../../../../arm-none-eabi/lib/thumb/v7e-m+fp/softfp\libc.a(lib_a-atexit.o)
                0x0000000008015e58                atexit
 .text.quorem   0x0000000008015e64      0x116 d:/programs/st/stm32cubeide_1.12.1/stm32cubeide/plugins/com.st.stm32cube.ide.mcu.externaltools.gnu-tools-for-stm32.10.3-2021.10.win32_1.0.200.202301161003/tools/bin/../lib/gcc/arm-none-eabi/10.3.1/../../../../arm-none-eabi/lib/thumb/v7e-m+fp/softfp\libc.a(lib_a-dtoa.o)
 *fill*         0x0000000008015f7a        0x6 
 .text._dtoa_r  0x0000000008015f80      0xba4 d:/programs/st/stm32cubeide_1.12.1/stm32cubeide/plugins/com.st.stm32cube.ide.mcu.externaltools.gnu-tools-for-stm32.10.3-2021.10.win32_1.0.200.202301161003/tools/bin/../lib/gcc/arm-none-eabi/10.3.1/../../../../arm-none-eabi/lib/thumb/v7e-m+fp/softfp\libc.a(lib_a-dtoa.o)
                0x0000000008015f80                _dtoa_r
 .text.__libc_fini_array
                0x0000000008016b24       0x28 d:/programs/st/stm32cubeide_1.12.1/stm32cubeide/plugins/com.st.stm32cube.ide.mcu.externaltools.gnu-tools-for-stm32.10.3-2021.10.win32_1.0.200.202301161003/tools/bin/../lib/gcc/arm-none-eabi/10.3.1/../../../../arm-none-eabi/lib/thumb/v7e-m+fp/softfp\libc.a(lib_a-fini.o)
                0x0000000008016b24                __libc_fini_array
 .text._malloc_trim_r
                0x0000000008016b4c       0xa8 d:/programs/st/stm32cubeide_1.12.1/stm32cubeide/plugins/com.st.stm32cube.ide.mcu.externaltools.gnu-tools-for-stm32.10.3-2021.10.win32_1.0.200.202301161003/tools/bin/../lib/gcc/arm-none-eabi/10.3.1/../../../../arm-none-eabi/lib/thumb/v7e-m+fp/softfp\libc.a(lib_a-freer.o)
                0x0000000008016b4c                _malloc_trim_r
 .text._free_r  0x0000000008016bf4      0x180 d:/programs/st/stm32cubeide_1.12.1/stm32cubeide/plugins/com.st.stm32cube.ide.mcu.externaltools.gnu-tools-for-stm32.10.3-2021.10.win32_1.0.200.202301161003/tools/bin/../lib/gcc/arm-none-eabi/10.3.1/../../../../arm-none-eabi/lib/thumb/v7e-m+fp/softfp\libc.a(lib_a-freer.o)
                0x0000000008016bf4                _free_r
 .text._localeconv_r
                0x0000000008016d74        0x8 d:/programs/st/stm32cubeide_1.12.1/stm32cubeide/plugins/com.st.stm32cube.ide.mcu.externaltools.gnu-tools-for-stm32.10.3-2021.10.win32_1.0.200.202301161003/tools/bin/../lib/gcc/arm-none-eabi/10.3.1/../../../../arm-none-eabi/lib/thumb/v7e-m+fp/softfp\libc.a(lib_a-localeconv.o)
                0x0000000008016d74                _localeconv_r
 .text.__retarget_lock_init_recursive
                0x0000000008016d7c        0x2 d:/programs/st/stm32cubeide_1.12.1/stm32cubeide/plugins/com.st.stm32cube.ide.mcu.externaltools.gnu-tools-for-stm32.10.3-2021.10.win32_1.0.200.202301161003/tools/bin/../lib/gcc/arm-none-eabi/10.3.1/../../../../arm-none-eabi/lib/thumb/v7e-m+fp/softfp\libc.a(lib_a-lock.o)
                0x0000000008016d7c                __retarget_lock_init_recursive
 .text.__retarget_lock_close_recursive
                0x0000000008016d7e        0x2 d:/programs/st/stm32cubeide_1.12.1/stm32cubeide/plugins/com.st.stm32cube.ide.mcu.externaltools.gnu-tools-for-stm32.10.3-2021.10.win32_1.0.200.202301161003/tools/bin/../lib/gcc/arm-none-eabi/10.3.1/../../../../arm-none-eabi/lib/thumb/v7e-m+fp/softfp\libc.a(lib_a-lock.o)
                0x0000000008016d7e                __retarget_lock_close_recursive
 .text.__retarget_lock_acquire_recursive